Component: ARM Compiler 5.05 update 2 (build 169) Tool: armlink [4d0f33]

==============================================================================

Section Cross References

    main.o(i.Hardware_Init) refers to sys.o(i.NVIC_Configuration) for NVIC_Configuration
    main.o(i.Hardware_Init) refers to delay.o(i.delay_init) for delay_init
    main.o(i.Hardware_Init) refers to usart.o(i.Usart1_Init) for Usart1_Init
    main.o(i.Hardware_Init) refers to usart.o(i.Usart2_Init) for Usart2_Init
    main.o(i.Hardware_Init) refers to usart.o(i.Usart4_Init) for Usart4_Init
    main.o(i.Hardware_Init) refers to esp8266.o(i.ESP8266_Init) for ESP8266_Init
    main.o(i.Hardware_Init) refers to key.o(i.KEY_Init) for KEY_Init
    main.o(i.Hardware_Init) refers to oled.o(i.OLED_Init) for OLED_Init
    main.o(i.Hardware_Init) refers to iic2.o(i.SMBus_Init) for SMBus_Init
    main.o(i.Hardware_Init) refers to max30102.o(i.max30102_init) for max30102_init
    main.o(i.get_heartblood) refers to _printf_percent.o(.ARM.Collect$$_printf_percent$$00000000) for _printf_percent
    main.o(i.get_heartblood) refers to _printf_d.o(.ARM.Collect$$_printf_percent$$00000009) for _printf_d
    main.o(i.get_heartblood) refers to _printf_dec.o(.text) for _printf_int_dec
    main.o(i.get_heartblood) refers to oled.o(i.OLED_Clear) for OLED_Clear
    main.o(i.get_heartblood) refers to oled.o(i.OLED_ShowChinese) for OLED_ShowChinese
    main.o(i.get_heartblood) refers to oled.o(i.OLED_ShowChar) for OLED_ShowChar
    main.o(i.get_heartblood) refers to oled.o(i.OLED_Refresh) for OLED_Refresh
    main.o(i.get_heartblood) refers to max30102.o(i.max30102_FIFO_ReadBytes) for max30102_FIFO_ReadBytes
    main.o(i.get_heartblood) refers to algorithm.o(i.maxim_heart_rate_and_oxygen_saturation) for maxim_heart_rate_and_oxygen_saturation
    main.o(i.get_heartblood) refers to usart.o(i.UsartPrintf) for UsartPrintf
    main.o(i.get_heartblood) refers to oled.o(i.OLED_ShowNum) for OLED_ShowNum
    main.o(i.get_heartblood) refers to __2sprintf.o(.text) for __2sprintf
    main.o(i.get_heartblood) refers to onenet.o(i.OneNet_Publish) for OneNet_Publish
    main.o(i.get_heartblood) refers to esp8266.o(i.ESP8266_Clear) for ESP8266_Clear
    main.o(i.get_heartblood) refers to delay.o(i.delay_ms) for delay_ms
    main.o(i.get_heartblood) refers to main.o(.bss) for aun_red_buffer
    main.o(i.get_heartblood) refers to main.o(.data) for ch_hr_valid
    main.o(i.get_temperature) refers to _printf_percent.o(.ARM.Collect$$_printf_percent$$00000000) for _printf_percent
    main.o(i.get_temperature) refers to _printf_d.o(.ARM.Collect$$_printf_percent$$00000009) for _printf_d
    main.o(i.get_temperature) refers to _printf_f.o(.ARM.Collect$$_printf_percent$$00000003) for _printf_f
    main.o(i.get_temperature) refers to _printf_dec.o(.text) for _printf_int_dec
    main.o(i.get_temperature) refers to printf1.o(x$fpl$printf1) for _printf_fp_dec
    main.o(i.get_temperature) refers to iic2.o(i.SMBus_ReadTemp) for SMBus_ReadTemp
    main.o(i.get_temperature) refers to f2d.o(x$fpl$f2d) for __aeabi_f2d
    main.o(i.get_temperature) refers to usart.o(i.UsartPrintf) for UsartPrintf
    main.o(i.get_temperature) refers to daddsub_clz.o(x$fpl$dadd) for __aeabi_dadd
    main.o(i.get_temperature) refers to d2f.o(x$fpl$d2f) for __aeabi_d2f
    main.o(i.get_temperature) refers to oled.o(i.OLED_Clear) for OLED_Clear
    main.o(i.get_temperature) refers to oled.o(i.OLED_ShowChinese) for OLED_ShowChinese
    main.o(i.get_temperature) refers to oled.o(i.OLED_ShowChar) for OLED_ShowChar
    main.o(i.get_temperature) refers to ffix.o(x$fpl$ffix) for __aeabi_f2iz
    main.o(i.get_temperature) refers to oled.o(i.OLED_ShowNum) for OLED_ShowNum
    main.o(i.get_temperature) refers to fmul.o(x$fpl$fmul) for __aeabi_fmul
    main.o(i.get_temperature) refers to oled.o(i.OLED_Refresh) for OLED_Refresh
    main.o(i.get_temperature) refers to __2sprintf.o(.text) for __2sprintf
    main.o(i.get_temperature) refers to onenet.o(i.OneNet_Publish) for OneNet_Publish
    main.o(i.get_temperature) refers to esp8266.o(i.ESP8266_Clear) for ESP8266_Clear
    main.o(i.get_temperature) refers to delay.o(i.delay_ms) for delay_ms
    main.o(i.get_temperature) refers to main.o(.data) for usr
    main.o(i.get_temperature) refers to main.o(.bss) for buf
    main.o(i.main) refers to main.o(i.Hardware_Init) for Hardware_Init
    main.o(i.main) refers to oled.o(i.OLED_Show_Await_Face) for OLED_Show_Await_Face
    main.o(i.main) refers to delay.o(i.delay_ms) for delay_ms
    main.o(i.main) refers to onenet.o(i.OneNet_DevLink) for OneNet_DevLink
    main.o(i.main) refers to onenet.o(i.OneNet_Subscribe) for OneNet_Subscribe
    main.o(i.main) refers to key.o(i.KEY_Scan) for KEY_Scan
    main.o(i.main) refers to as608.o(i.press_FR) for press_FR
    main.o(i.main) refers to usart.o(i.UsartPrintf) for UsartPrintf
    main.o(i.main) refers to main.o(i.get_heartblood) for get_heartblood
[...]
    __rt_lib_shutdown_return                 0x0800029f   Thumb Code     0  libshutdown2.o(.ARM.Collect$$libshutdown$$0000000F)
    __rt_lib_shutdown_signal_1               0x0800029f   Thumb Code     0  libshutdown2.o(.ARM.Collect$$libshutdown$$00000009)
    __rt_lib_shutdown_stdio_1                0x0800029f   Thumb Code     0  libshutdown2.o(.ARM.Collect$$libshutdown$$00000003)
    __rt_lib_shutdown_user_alloc_1           0x0800029f   Thumb Code     0  libshutdown2.o(.ARM.Collect$$libshutdown$$0000000B)
    __rt_entry                               0x080002a1   Thumb Code     0  __rtentry.o(.ARM.Collect$$rtentry$$00000000)
    __rt_entry_presh_1                       0x080002a1   Thumb Code     0  __rtentry2.o(.ARM.Collect$$rtentry$$00000002)
    __rt_entry_sh                            0x080002a1   Thumb Code     0  __rtentry4.o(.ARM.Collect$$rtentry$$00000004)
    __rt_entry_li                            0x080002a7   Thumb Code     0  __rtentry2.o(.ARM.Collect$$rtentry$$0000000A)
    __rt_entry_postsh_1                      0x080002a7   Thumb Code     0  __rtentry2.o(.ARM.Collect$$rtentry$$00000009)
    __rt_entry_main                          0x080002ab   Thumb Code     0  __rtentry2.o(.ARM.Collect$$rtentry$$0000000D)
    __rt_entry_postli_1                      0x080002ab   Thumb Code     0  __rtentry2.o(.ARM.Collect$$rtentry$$0000000C)
    __rt_exit                                0x080002b3   Thumb Code     0  rtexit.o(.ARM.Collect$$rtexit$$00000000)
    __rt_exit_ls                             0x080002b5   Thumb Code     0  rtexit2.o(.ARM.Collect$$rtexit$$00000003)
    __rt_exit_prels_1                        0x080002b5   Thumb Code     0  rtexit2.o(.ARM.Collect$$rtexit$$00000002)
    __rt_exit_exit                           0x080002b9   Thumb Code     0  rtexit2.o(.ARM.Collect$$rtexit$$00000004)
    Reset_Handler                            0x080002c1   Thumb Code     8  startup_stm32f10x_hd.o(.text)
    _maybe_terminate_alloc                   0x080002c1   Thumb Code     0  maybetermalloc1.o(.emb_text)
    ADC1_2_IRQHandler                        0x080002db   Thumb Code     0  startup_stm32f10x_hd.o(.text)
    ADC3_IRQHandler                          0x080002db   Thumb Code     0  startup_stm32f10x_hd.o(.text)
    CAN1_RX1_IRQHandler                      0x080002db   Thumb Code     0  startup_stm32f10x_hd.o(.text)
    CAN1_SCE_IRQHandler                      0x080002db   Thumb Code     0  startup_stm32f10x_hd.o(.text)
    DMA1_Channel1_IRQHandler                 0x080002db   Thumb Code     0  startup_stm32f10x_hd.o(.text)
    DMA1_Channel2_IRQHandler                 0x080002db   Thumb Code     0  startup_stm32f10x_hd.o(.text)
    DMA1_Channel3_IRQHandler                 0x080002db   Thumb Code     0  startup_stm32f10x_hd.o(.text)
    DMA1_Channel4_IRQHandler                 0x080002db   Thumb Code     0  startup_stm32f10x_hd.o(.text)
    DMA1_Channel5_IRQHandler                 0x080002db   Thumb Code     0  startup_stm32f10x_hd.o(.text)
    DMA1_Channel6_IRQHandler                 0x080002db   Thumb Code     0  startup_stm32f10x_hd.o(.text)
    DMA1_Channel7_IRQHandler                 0x080002db   Thumb Code     0  startup_stm32f10x_hd.o(.text)
    DMA2_Channel1_IRQHandler                 0x080002db   Thumb Code     0  startup_stm32f10x_hd.o(.text)
    DMA2_Channel2_IRQHandler                 0x080002db   Thumb Code     0  startup_stm32f10x_hd.o(.text)
    DMA2_Channel3_IRQHandler                 0x080002db   Thumb Code     0  startup_stm32f10x_hd.o(.text)
    DMA2_Channel4_5_IRQHandler               0x080002db   Thumb Code     0  startup_stm32f10x_hd.o(.text)
    EXTI0_IRQHandler                         0x080002db   Thumb Code     0  startup_stm32f10x_hd.o(.text)
    EXTI15_10_IRQHandler                     0x080002db   Thumb Code     0  startup_stm32f10x_hd.o(.text)
    EXTI1_IRQHandler                         0x080002db   Thumb Code     0  startup_stm32f10x_hd.o(.text)
    EXTI2_IRQHandler                         0x080002db   Thumb Code     0  startup_stm32f10x_hd.o(.text)
    EXTI3_IRQHandler                         0x080002db   Thumb Code     0  startup_stm32f10x_hd.o(.text)
    EXTI4_IRQHandler                         0x080002db   Thumb Code     0  startup_stm32f10x_hd.o(.text)
    EXTI9_5_IRQHandler                       0x080002db   Thumb Code     0  startup_stm32f10x_hd.o(.text)
    FLASH_IRQHandler                         0x080002db   Thumb Code     0  startup_stm32f10x_hd.o(.text)
    FSMC_IRQHandler                          0x080002db   Thumb Code     0  startup_stm32f10x_hd.o(.text)
    I2C1_ER_IRQHandler                       0x080002db   Thumb Code     0  startup_stm32f10x_hd.o(.text)
    I2C1_EV_IRQHandler                       0x080002db   Thumb Code     0  startup_stm32f10x_hd.o(.text)
    I2C2_ER_IRQHandler                       0x080002db   Thumb Code     0  startup_stm32f10x_hd.o(.text)
    I2C2_EV_IRQHandler                       0x080002db   Thumb Code     0  startup_stm32f10x_hd.o(.text)
    PVD_IRQHandler                           0x080002db   Thumb Code     0  startup_stm32f10x_hd.o(.text)
    RCC_IRQHandler                           0x080002db   Thumb Code     0  startup_stm32f10x_hd.o(.text)
    RTCAlarm_IRQHandler                      0x080002db   Thumb Code     0  startup_stm32f10x_hd.o(.text)
    RTC_IRQHandler                           0x080002db   Thumb Code     0  startup_stm32f10x_hd.o(.text)
    SDIO_IRQHandler                          0x080002db   Thumb Code     0  startup_stm32f10x_hd.o(.text)
    SPI1_IRQHandler                          0x080002db   Thumb Code     0  startup_stm32f10x_hd.o(.text)
    SPI2_IRQHandler                          0x080002db   Thumb Code     0  startup_stm32f10x_hd.o(.text)
    SPI3_IRQHandler                          0x080002db   Thumb Code     0  startup_stm32f10x_hd.o(.text)
    TAMPER_IRQHandler                        0x080002db   Thumb Code     0  startup_stm32f10x_hd.o(.text)
    TIM1_BRK_IRQHandler                      0x080002db   Thumb Code     0  startup_stm32f10x_hd.o(.text)
    TIM1_CC_IRQHandler                       0x080002db   Thumb Code     0  startup_stm32f10x_hd.o(.text)
    TIM1_TRG_COM_IRQHandler                  0x080002db   Thumb Code     0  startup_stm32f10x_hd.o(.text)
    TIM1_UP_IRQHandler                       0x080002db   Thumb Code     0  startup_stm32f10x_hd.o(.text)
    TIM4_IRQHandler                          0x080002db   Thumb Code     0  startup_stm32f10x_hd.o(.text)
    TIM5_IRQHandler                          0x080002db   Thumb Code     0  startup_stm32f10x_hd.o(.text)
    TIM6_IRQHandler                          0x080002db   Thumb Code     0  startup_stm32f10x_hd.o(.text)
    TIM8_BRK_IRQHandler                      0x080002db   Thumb Code     0  startup_stm32f10x_hd.o(.text)
    TIM8_CC_IRQHandler                       0x080002db   Thumb Code     0  startup_stm32f10x_hd.o(.text)
    TIM8_TRG_COM_IRQHandler                  0x080002db   Thumb Code     0  startup_stm32f10x_hd.o(.text)
    TIM8_UP_IRQHandler                       0x080002db   Thumb Code     0  startup_stm32f10x_hd.o(.text)
    UART5_IRQHandler                         0x080002db   Thumb Code     0  startup_stm32f10x_hd.o(.text)
    USART3_IRQHandler                        0x080002db   Thumb Code     0  startup_stm32f10x_hd.o(.text)
    USBWakeUp_IRQHandler                     0x080002db   Thumb Code     0  startup_stm32f10x_hd.o(.text)
    USB_HP_CAN1_TX_IRQHandler                0x080002db   Thumb Code     0  startup_stm32f10x_hd.o(.text)
    USB_LP_CAN1_RX0_IRQHandler               0x080002db   Thumb Code     0  startup_stm32f10x_hd.o(.text)
    WWDG_IRQHandler                          0x080002db   Thumb Code     0  startup_stm32f10x_hd.o(.text)
    __user_initial_stackheap                 0x080002dd   Thumb Code     0  startup_stm32f10x_hd.o(.text)
    malloc                                   0x08000301   Thumb Code    94  h1_alloc.o(.text)
    free                                     0x0800035f   Thumb Code    78  h1_free.o(.text)
    tolower                                  0x080003ad   Thumb Code    26  tolower.o(.text)
    __c89vsnprintf                           0x080003c9   Thumb Code    48  c89vsnprintf.o(.text)
    __2sprintf                               0x080003fd   Thumb Code    38  __2sprintf.o(.text)
    _printf_pre_padding                      0x08000429   Thumb Code    44  _printf_pad.o(.text)
    _printf_post_padding                     0x08000455   Thumb Code    34  _printf_pad.o(.text)
    _printf_str                              0x08000477   Thumb Code    82  _printf_str.o(.text)
    _printf_int_dec                          0x080004c9   Thumb Code   104  _printf_dec.o(.text)
    _printf_longlong_hex                     0x08000541   Thumb Code    86  _printf_hex_int_ll_ptr.o(.text)
    _printf_int_hex                          0x08000597   Thumb Code    28  _printf_hex_int_ll_ptr.o(.text)
    _printf_ll_hex                           0x080005b3   Thumb Code    12  _printf_hex_int_ll_ptr.o(.text)
    _printf_hex_ptr                          0x080005bf   Thumb Code    18  _printf_hex_int_ll_ptr.o(.text)
    __printf                                 0x080005d5   Thumb Code   388  __printf_flags_ss_wp.o(.text)
    atoi                                     0x0800075d   Thumb Code    26  atoi.o(.text)
    strchr                                   0x08000777   Thumb Code    20  strchr.o(.text)
    strncat                                  0x0800078b   Thumb Code    36  strncat.o(.text)
    strstr                                   0x080007af   Thumb Code    36  strstr.o(.text)
    strlen                                   0x080007d3   Thumb Code    62  strlen.o(.text)
    strncmp                                  0x08000811   Thumb Code   150  strncmp.o(.text)
    __aeabi_memcpy                           0x080008a7   Thumb Code     0  rt_memcpy_v6.o(.text)
    __rt_memcpy                              0x080008a7   Thumb Code   138  rt_memcpy_v6.o(.text)
    _memcpy_lastbytes                        0x0800090d   Thumb Code     0  rt_memcpy_v6.o(.text)
    __aeabi_memcpy4                          0x08000931   Thumb Code     0  rt_memcpy_w.o(.text)
    __aeabi_memcpy8                          0x08000931   Thumb Code     0  rt_memcpy_w.o(.text)
    __rt_memcpy_w                            0x08000931   Thumb Code   100  rt_memcpy_w.o(.text)
    _memcpy_lastbytes_aligned                0x08000979   Thumb Code     0  rt_memcpy_w.o(.text)
    __aeabi_memclr                           0x08000995   Thumb Code     0  rt_memclr.o(.text)
    __rt_memclr                              0x08000995   Thumb Code    68  rt_memclr.o(.text)
    _memset                                  0x08000999   Thumb Code     0  rt_memclr.o(.text)
    __aeabi_memclr4                          0x080009d9   Thumb Code     0  rt_memclr_w.o(.text)
    __aeabi_memclr8                          0x080009d9   Thumb Code     0  rt_memclr_w.o(.text)
    __rt_memclr_w                            0x080009d9   Thumb Code    78  rt_memclr_w.o(.text)
    _memset_w                                0x080009dd   Thumb Code     0  rt_memclr_w.o(.text)
    __use_two_region_memory                  0x08000a27   Thumb Code     2  heapauxi.o(.text)
    __rt_heap_escrow                         0x08000a29   Thumb Code     2  heapauxi.o(.text)
    __rt_heap_expand                         0x08000a2b   Thumb Code     2  heapauxi.o(.text)
    __rt_ctype_table                         0x08000a2d   Thumb Code    16  rt_ctype_table.o(.text)
    __rt_heap_descriptor                     0x08000a3d   Thumb Code     8  rt_heap_descriptor_intlibspace.o(.text)
    __aeabi_errno_addr                       0x08000a45   Thumb Code     8  rt_errno_addr_intlibspace.o(.text)
    __errno$intlibspace                      0x08000a45   Thumb Code     0  rt_errno_addr_intlibspace.o(.text)
    __rt_errno_addr$intlibspace              0x08000a45   Thumb Code     0  rt_errno_addr_intlibspace.o(.text)
    __use_no_heap                            0x08000a4d   Thumb Code     2  hguard.o(.text)
    __heap$guard                             0x08000a4f   Thumb Code     2  hguard.o(.text)
    _terminate_user_alloc                    0x08000a51   Thumb Code     2  init_alloc.o(.text)
    _init_user_alloc                         0x08000a53   Thumb Code     2  init_alloc.o(.text)
    __Heap_Full                              0x08000a55   Thumb Code    34  init_alloc.o(.text)
    __Heap_Broken                            0x08000a77   Thumb Code     6  init_alloc.o(.text)
    _init_alloc                              0x08000a7d   Thumb Code    94  init_alloc.o(.text)
    __Heap_Initialize                        0x08000adb   Thumb Code    10  h1_init.o(.text)
    __Heap_DescSize                          0x08000ae5   Thumb Code     4  h1_init.o(.text)
    __read_errno                             0x08000ae9   Thumb Code    10  _rserrno.o(.text)
    __set_errno                              0x08000af3   Thumb Code    12  _rserrno.o(.text)
    _printf_truncate_signed                  0x08000aff   Thumb Code    18  _printf_truncate.o(.text)
    _printf_truncate_unsigned                0x08000b11   Thumb Code    18  _printf_truncate.o(.text)
    _printf_int_common                       0x08000b23   Thumb Code   178  _printf_intcommon.o(.text)
    _printf_charcount                        0x08000bd5   Thumb Code    40  _printf_charcount.o(.text)
    __lib_sel_fp_printf                      0x08000bfd   Thumb Code     2  _printf_fp_dec.o(.text)
    _printf_fp_dec_real                      0x08000dab   Thumb Code   620  _printf_fp_dec.o(.text)
    _printf_char_common                      0x08001023   Thumb Code    32  _printf_char_common.o(.text)
    _sputc                                   0x08001049   Thumb Code    10  _sputc.o(.text)
    _snputc                                  0x08001053   Thumb Code    16  _snputc.o(.text)
    _printf_cs_common                        0x08001063   Thumb Code    20  _printf_char.o(.text)
    _printf_char                             0x08001077   Thumb Code    16  _printf_char.o(.text)
    _printf_string                           0x08001087   Thumb Code     8  _printf_char.o(.text)
    _printf_wctomb                           0x08001091   Thumb Code   182  _printf_wctomb.o(.text)
    _printf_longlong_dec                     0x0800114d   Thumb Code   108  _printf_longlong_dec.o(.text)
    _printf_longlong_oct                     0x080011c9   Thumb Code    68  _printf_oct_int_ll.o(.text)
    _printf_int_oct                          0x0800120d   Thumb Code    24  _printf_oct_int_ll.o(.text)
    _printf_ll_oct                           0x08001225   Thumb Code    12  _printf_oct_int_ll.o(.text)
    strtol                                   0x08001239   Thumb Code   112  strtol.o(.text)
    __user_libspace                          0x080012a9   Thumb Code     8  libspace.o(.text)
    __user_perproc_libspace                  0x080012a9   Thumb Code     0  libspace.o(.text)
    __user_perthread_libspace                0x080012a9   Thumb Code     0  libspace.o(.text)
    __rt_locale                              0x080012b1   Thumb Code     8  rt_locale_intlibspace.o(.text)
    __Heap_ProvideMemory                     0x080012b9   Thumb Code    52  h1_extend.o(.text)
    _ll_udiv10                               0x080012ed   Thumb Code   138  lludiv10.o(.text)
    _printf_fp_infnan                        0x08001379   Thumb Code   112  _printf_fp_infnan.o(.text)
    _printf_lcs_common                       0x080013f9   Thumb Code    20  _printf_wchar.o(.text)
    _printf_wchar                            0x0800140d   Thumb Code    16  _printf_wchar.o(.text)
    _printf_wstring                          0x0800141d   Thumb Code     8  _printf_wchar.o(.text)
    _strtoul                                 0x08001425   Thumb Code   158  _strtoul.o(.text)
    _btod_etento                             0x080014c5   Thumb Code   216  bigflt0.o(.text)
    _wcrtomb                                 0x080015a1   Thumb Code    64  _wcrtomb.o(.text)
    __rt_SIGRTMEM                            0x080015e1   Thumb Code    14  defsig_rtmem_outer.o(.text)
    __I$use$semihosting                      0x080015ef   Thumb Code     0  use_no_semi.o(.text)
    __use_no_semihosting_swi                 0x080015ef   Thumb Code     2  use_no_semi.o(.text)
    __semihosting_library_function           0x080015f1   Thumb Code     0  indicate_semi.o(.text)
    __user_setup_stackheap                   0x080015f1   Thumb Code    74  sys_stackheap_outer.o(.text)
    _chval                                   0x0800163b   Thumb Code    28  _chval.o(.text)
    exit                                     0x08001657   Thumb Code    12  exit.o(.text)
    __sig_exit                               0x08001663   Thumb Code    10  defsig_exit.o(.text)
    __rt_SIGRTMEM_inner                      0x0800166d   Thumb Code    22  defsig_rtmem_inner.o(.text)
    strcmp                                   0x080016bd   Thumb Code   128  strcmpv7m.o(.text)
    _sys_exit                                0x0800173d   Thumb Code     8  sys_exit.o(.text)
    __default_signal_display                 0x08001749   Thumb Code    50  defsig_general.o(.text)
    _ttywrch                                 0x0800177b   Thumb Code    14  sys_wrch.o(.text)
    _btod_d2e                                0x08001789   Thumb Code    62  btod.o(CL$$btod_d2e)
    _d2e_denorm_low                          0x080017c7   Thumb Code    70  btod.o(CL$$btod_d2e_denorm_low)
    _d2e_norm_op1                            0x0800180d   Thumb Code    96  btod.o(CL$$btod_d2e_norm_op1)
    __btod_div_common                        0x0800186d   Thumb Code   696  btod.o(CL$$btod_div_common)
    _e2e                                     0x08001ba5   Thumb Code   198  btod.o(CL$$btod_e2e)
    _btod_ediv                               0x08001c6b   Thumb Code    40  btod.o(CL$$btod_ediv)
    _btod_emul                               0x08001c93   Thumb Code    40  btod.o(CL$$btod_emul)
    __btod_mult_common                       0x08001cbb   Thumb Code   580  btod.o(CL$$btod_mult_common)
    Add_FR                                   0x08001f01   Thumb Code   962  as608.o(i.Add_FR)
    BusFault_Handler                         0x08002361   Thumb Code     4  stm32f10x_it.o(i.BusFault_Handler)
    DebugMon_Handler                         0x08002365   Thumb Code     2  stm32f10x_it.o(i.DebugMon_Handler)
    ESP8266_Clear                            0x08002369   Thumb Code    18  esp8266.o(i.ESP8266_Clear)
    ESP8266_GetIPD                           0x08002385   Thumb Code    68  esp8266.o(i.ESP8266_GetIPD)
    ESP8266_Init                             0x080023d5   Thumb Code   214  esp8266.o(i.ESP8266_Init)
    ESP8266_SendCmd                          0x080025c1   Thumb Code    76  esp8266.o(i.ESP8266_SendCmd)
    ESP8266_SendData                         0x08002615   Thumb Code    46  esp8266.o(i.ESP8266_SendData)
    ESP8266_WaitRecive                       0x0800265d   Thumb Code    42  esp8266.o(i.ESP8266_WaitRecive)
    EnsureMessage                            0x08002691   Thumb Code   140  as608.o(i.EnsureMessage)
    GPIO_Init                                0x080028e9   Thumb Code   278  stm32f10x_gpio.o(i.GPIO_Init)
    GPIO_ReadInputDataBit                    0x080029ff   Thumb Code    18  stm32f10x_gpio.o(i.GPIO_ReadInputDataBit)
    GPIO_ResetBits                           0x08002a11   Thumb Code     4  stm32f10x_gpio.o(i.GPIO_ResetBits)
    GPIO_SetBits                             0x08002a15   Thumb Code     4  stm32f10x_gpio.o(i.GPIO_SetBits)
    HardFault_Handler                        0x08002a19   Thumb Code     4  stm32f10x_it.o(i.HardFault_Handler)
    Hardware_Init                            0x08002a1d   Thumb Code    56  main.o(i.Hardware_Init)
    IIC_Ack                                  0x08002a55   Thumb Code    66  myiic.o(i.IIC_Ack)
    IIC_Init                                 0x08002aa5   Thumb Code    46  myiic.o(i.IIC_Init)
    IIC_NAck                                 0x08002ad9   Thumb Code    66  myiic.o(i.IIC_NAck)
    IIC_Read_Byte                            0x08002b29   Thumb Code    98  myiic.o(i.IIC_Read_Byte)
    IIC_Send_Byte                            0x08002b99   Thumb Code    90  myiic.o(i.IIC_Send_Byte)
    IIC_Start                                0x08002c01   Thumb Code    64  myiic.o(i.IIC_Start)
    IIC_Stop                                 0x08002c4d   Thumb Code    62  myiic.o(i.IIC_Stop)
    IIC_Wait_Ack                             0x08002c99   Thumb Code    86  myiic.o(i.IIC_Wait_Ack)
    KEY_Init                                 0x08002d85   Thumb Code    32  key.o(i.KEY_Init)
    KEY_Scan                                 0x08002da9   Thumb Code   146  key.o(i.KEY_Scan)
    MQTT_DeleteBuffer                        0x08002e45   Thumb Code    28  mqttkit.o(i.MQTT_DeleteBuffer)
    MQTT_DumpLength                          0x08002e61   Thumb Code    46  mqttkit.o(i.MQTT_DumpLength)
    MQTT_NewBuffer                           0x08002e8f   Thumb Code    88  mqttkit.o(i.MQTT_NewBuffer)
    MQTT_PacketCmdResp                       0x08002ee9   Thumb Code   132  mqttkit.o(i.MQTT_PacketCmdResp)
    MQTT_PacketConnect                       0x08002f75   Thumb Code   666  mqttkit.o(i.MQTT_PacketConnect)
    MQTT_PacketPublish                       0x08003215   Thumb Code   440  mqttkit.o(i.MQTT_PacketPublish)
    MQTT_PacketPublishAck                    0x080033cd   Thumb Code    72  mqttkit.o(i.MQTT_PacketPublishAck)
    MQTT_PacketPublishComp                   0x08003415   Thumb Code    72  mqttkit.o(i.MQTT_PacketPublishComp)
    MQTT_PacketPublishRec                    0x0800345d   Thumb Code    72  mqttkit.o(i.MQTT_PacketPublishRec)
    MQTT_PacketPublishRel                    0x080034a5   Thumb Code    72  mqttkit.o(i.MQTT_PacketPublishRel)
    MQTT_PacketSubscribe                     0x080034ed   Thumb Code   254  mqttkit.o(i.MQTT_PacketSubscribe)
    MQTT_ReadLength                          0x080035eb   Thumb Code    70  mqttkit.o(i.MQTT_ReadLength)
    MQTT_UnPacketCmd                         0x08003631   Thumb Code   140  mqttkit.o(i.MQTT_UnPacketCmd)
    MQTT_UnPacketConnectAck                  0x080036bd   Thumb Code    30  mqttkit.o(i.MQTT_UnPacketConnectAck)
    MQTT_UnPacketPublish                     0x080036dd   Thumb Code   438  mqttkit.o(i.MQTT_UnPacketPublish)
    MQTT_UnPacketPublishAck                  0x0800389d   Thumb Code    30  mqttkit.o(i.MQTT_UnPacketPublishAck)
    MQTT_UnPacketPublishComp                 0x080038bb   Thumb Code    30  mqttkit.o(i.MQTT_UnPacketPublishComp)
    MQTT_UnPacketPublishRec                  0x080038d9   Thumb Code    30  mqttkit.o(i.MQTT_UnPacketPublishRec)
    MQTT_UnPacketPublishRel                  0x080038f7   Thumb Code    36  mqttkit.o(i.MQTT_UnPacketPublishRel)
    MQTT_UnPacketRecv                        0x0800391d   Thumb Code   106  mqttkit.o(i.MQTT_UnPacketRecv)
    MQTT_UnPacketSubscribe                   0x08003991   Thumb Code    52  mqttkit.o(i.MQTT_UnPacketSubscribe)
    MQTT_UnPacketUnSubscribe                 0x080039c5   Thumb Code    18  mqttkit.o(i.MQTT_UnPacketUnSubscribe)
    MemManage_Handler                        0x080039f5   Thumb Code     4  stm32f10x_it.o(i.MemManage_Handler)
    NMI_Handler                              0x080039f9   Thumb Code     2  stm32f10x_it.o(i.NMI_Handler)
    NVIC_Configuration                       0x080039fb   Thumb Code    12  sys.o(i.NVIC_Configuration)
    NVIC_Init                                0x08003a09   Thumb Code   100  misc.o(i.NVIC_Init)
    NVIC_PriorityGroupConfig                 0x08003a79   Thumb Code    10  misc.o(i.NVIC_PriorityGroupConfig)
    OLED_Clear                               0x08003a8d   Thumb Code    42  oled.o(i.OLED_Clear)
    OLED_ClearPoint                          0x08003abd   Thumb Code    90  oled.o(i.OLED_ClearPoint)
    OLED_DrawPoint                           0x08003b1d   Thumb Code    54  oled.o(i.OLED_DrawPoint)
    OLED_Init                                0x08003b59   Thumb Code   378  oled.o(i.OLED_Init)
    OLED_Pow                                 0x08003ce1   Thumb Code    22  oled.o(i.OLED_Pow)
    OLED_Refresh                             0x08003cf9   Thumb Code    70  oled.o(i.OLED_Refresh)
    OLED_ShowChar                            0x08003d45   Thumb Code   240  oled.o(i.OLED_ShowChar)
    OLED_ShowChinese                         0x08003e41   Thumb Code   248  oled.o(i.OLED_ShowChinese)
    OLED_ShowNum                             0x08003f49   Thumb Code   116  oled.o(i.OLED_ShowNum)
    OLED_Show_Await_Face                     0x08003fbd   Thumb Code   270  oled.o(i.OLED_Show_Await_Face)
    OLED_WR_Byte                             0x080040d1   Thumb Code   118  oled.o(i.OLED_WR_Byte)
    OneNet_DevLink                           0x08004151   Thumb Code   212  onenet.o(i.OneNet_DevLink)
    OneNet_Publish                           0x08004371   Thumb Code    86  onenet.o(i.OneNet_Publish)
    OneNet_RevPro                            0x080043ed   Thumb Code   786  onenet.o(i.OneNet_RevPro)
    OneNet_Subscribe                         0x08004975   Thumb Code    80  onenet.o(i.OneNet_Subscribe)
    PEC_Calculation                          0x080049e1   Thumb Code   186  iic2.o(i.PEC_Calculation)
    PS_GenChar                               0x08004a9b   Thumb Code    70  as608.o(i.PS_GenChar)
    PS_GetImage                              0x08004ae1   Thumb Code    58  as608.o(i.PS_GetImage)
    PS_HighSpeedSearch                       0x08004b1b   Thumb Code   144  as608.o(i.PS_HighSpeedSearch)
    PS_Match                                 0x08004bab   Thumb Code    58  as608.o(i.PS_Match)
    PS_RegModel                              0x08004be5   Thumb Code    58  as608.o(i.PS_RegModel)
    PS_StoreChar                             0x08004c1f   Thumb Code    96  as608.o(i.PS_StoreChar)
    PendSV_Handler                           0x08004c7f   Thumb Code     2  stm32f10x_it.o(i.PendSV_Handler)
    RCC_APB1PeriphClockCmd                   0x08004c81   Thumb Code    26  stm32f10x_rcc.o(i.RCC_APB1PeriphClockCmd)
    RCC_APB2PeriphClockCmd                   0x08004ca1   Thumb Code    26  stm32f10x_rcc.o(i.RCC_APB2PeriphClockCmd)
    RCC_GetClocksFreq                        0x08004cc1   Thumb Code   192  stm32f10x_rcc.o(i.RCC_GetClocksFreq)
    SMBus_Delay                              0x08004d95   Thumb Code    26  iic2.o(i.SMBus_Delay)
    SMBus_Init                               0x08004db1   Thumb Code    54  iic2.o(i.SMBus_Init)
    SMBus_ReadMemory                         0x08004ded   Thumb Code   166  iic2.o(i.SMBus_ReadMemory)
    SMBus_ReadTemp                           0x08004e95   Thumb Code    54  iic2.o(i.SMBus_ReadTemp)
    SMBus_ReceiveBit                         0x08004ed9   Thumb Code    68  iic2.o(i.SMBus_ReceiveBit)
    SMBus_ReceiveByte                        0x08004f21   Thumb Code    50  iic2.o(i.SMBus_ReceiveByte)
    SMBus_SendBit                            0x08004f55   Thumb Code    64  iic2.o(i.SMBus_SendBit)
    SMBus_SendByte                           0x08004f99   Thumb Code    48  iic2.o(i.SMBus_SendByte)
    SMBus_StartBit                           0x08004fc9   Thumb Code    64  iic2.o(i.SMBus_StartBit)
    SMBus_StopBit                            0x0800500d   Thumb Code    58  iic2.o(i.SMBus_StopBit)
    SVC_Handler                              0x0800504d   Thumb Code     2  stm32f10x_it.o(i.SVC_Handler)
    ShowErrMessage                           0x080051bd   Thumb Code    22  as608.o(i.ShowErrMessage)
    SysTick_CLKSourceConfig                  0x080051d9   Thumb Code    40  misc.o(i.SysTick_CLKSourceConfig)
    SysTick_Handler                          0x08005201   Thumb Code     2  stm32f10x_it.o(i.SysTick_Handler)
    SystemInit                               0x08005205   Thumb Code    78  system_stm32f10x.o(i.SystemInit)
    TIM2_IRQHandler                          0x08005265   Thumb Code    22  timer.o(i.TIM2_IRQHandler)
    TIM3_IRQHandler                          0x0800527d   Thumb Code    22  timer.o(i.TIM3_IRQHandler)
    TIM7_IRQHandler                          0x08005299   Thumb Code    42  timer.o(i.TIM7_IRQHandler)
    TIM7_Int_Init                            0x080052cd   Thumb Code    90  timer.o(i.TIM7_Int_Init)
    TIM_ClearITPendingBit                    0x0800532d   Thumb Code     6  stm32f10x_tim.o(i.TIM_ClearITPendingBit)
    TIM_Cmd                                  0x08005333   Thumb Code    24  stm32f10x_tim.o(i.TIM_Cmd)
    TIM_GetITStatus                          0x0800534b   Thumb Code    34  stm32f10x_tim.o(i.TIM_GetITStatus)
    TIM_ITConfig                             0x0800536d   Thumb Code    18  stm32f10x_tim.o(i.TIM_ITConfig)
    TIM_SetCounter                           0x0800537f   Thumb Code     4  stm32f10x_tim.o(i.TIM_SetCounter)
    TIM_TimeBaseInit                         0x08005385   Thumb Code   122  stm32f10x_tim.o(i.TIM_TimeBaseInit)
    UART4_IRQHandler                         0x08005429   Thumb Code    94  usart.o(i.UART4_IRQHandler)
    USART1_IRQHandler                        0x08005499   Thumb Code    24  usart.o(i.USART1_IRQHandler)
    USART2_IRQHandler                        0x080054b5   Thumb Code    62  esp8266.o(i.USART2_IRQHandler)
    USART_ClearFlag                          0x08005501   Thumb Code    18  stm32f10x_usart.o(i.USART_ClearFlag)
    USART_Cmd                                0x08005513   Thumb Code    24  stm32f10x_usart.o(i.USART_Cmd)
    USART_GetFlagStatus                      0x0800552b   Thumb Code    26  stm32f10x_usart.o(i.USART_GetFlagStatus)
    USART_GetITStatus                        0x08005545   Thumb Code    84  stm32f10x_usart.o(i.USART_GetITStatus)
    USART_ITConfig                           0x08005599   Thumb Code    74  stm32f10x_usart.o(i.USART_ITConfig)
    USART_Init                               0x080055e5   Thumb Code   210  stm32f10x_usart.o(i.USART_Init)
    USART_ReceiveData                        0x080056bd   Thumb Code    10  stm32f10x_usart.o(i.USART_ReceiveData)
    USART_SendData                           0x080056c7   Thumb Code     8  stm32f10x_usart.o(i.USART_SendData)
    UsageFault_Handler                       0x080056cf   Thumb Code     4  stm32f10x_it.o(i.UsageFault_Handler)
    Usart1_Init                              0x080056d5   Thumb Code   166  usart.o(i.Usart1_Init)
    Usart2_Init                              0x08005785   Thumb Code   164  usart.o(i.Usart2_Init)
    Usart4_Init                              0x08005831   Thumb Code   190  usart.o(i.Usart4_Init)
    UsartPrintf                              0x08005901   Thumb Code    72  usart.o(i.UsartPrintf)
    Usart_SendString                         0x08005949   Thumb Code    50  usart.o(i.Usart_SendString)
    __ARM_fpclassify                         0x0800597b   Thumb Code    40  fpclassify.o(i.__ARM_fpclassify)
    __kernel_poly                            0x080059a3   Thumb Code   170  poly.o(i.__kernel_poly)
    __mathlib_dbl_divzero                    0x08005a4d   Thumb Code    12  dunder.o(i.__mathlib_dbl_divzero)
    __mathlib_dbl_infnan2                    0x08005a5d   Thumb Code     4  dunder.o(i.__mathlib_dbl_infnan2)
    __mathlib_dbl_invalid                    0x08005a61   Thumb Code    12  dunder.o(i.__mathlib_dbl_invalid)
    __mathlib_dbl_overflow                   0x08005a6d   Thumb Code    14  dunder.o(i.__mathlib_dbl_overflow)
    __mathlib_dbl_underflow                  0x08005a7d   Thumb Code    10  dunder.o(i.__mathlib_dbl_underflow)
    _is_digit                                0x08005a8d   Thumb Code    14  __printf_wp.o(i._is_digit)
    cJSON_Delete                             0x08005a9d   Thumb Code    82  cjson.o(i.cJSON_Delete)
    cJSON_GetErrorPtr                        0x08005af5   Thumb Code     6  cjson.o(i.cJSON_GetErrorPtr)
    cJSON_GetObjectItem                      0x08005b01   Thumb Code    30  cjson.o(i.cJSON_GetObjectItem)
    cJSON_Parse                              0x08005b41   Thumb Code    16  cjson.o(i.cJSON_Parse)
    cJSON_ParseWithOpts                      0x08005b51   Thumb Code    96  cjson.o(i.cJSON_ParseWithOpts)
    delay_init                               0x08005c01   Thumb Code    50  delay.o(i.delay_init)
    delay_ms                                 0x08005c45   Thumb Code    72  delay.o(i.delay_ms)
    delay_us                                 0x08005c91   Thumb Code    72  delay.o(i.delay_us)
    get_heartblood                           0x08005cdd   Thumb Code   974  main.o(i.get_heartblood)
    get_temperature                          0x08006185   Thumb Code   496  main.o(i.get_temperature)
    main                                     0x080063ed   Thumb Code   164  main.o(i.main)
    max30102_Bus_Read                        0x080064cd   Thumb Code    82  max30102.o(i.max30102_Bus_Read)
    max30102_Bus_Write                       0x0800651f   Thumb Code    68  max30102.o(i.max30102_Bus_Write)
    max30102_FIFO_ReadBytes                  0x08006563   Thumb Code   128  max30102.o(i.max30102_FIFO_ReadBytes)
    max30102_init                            0x080065e5   Thumb Code   130  max30102.o(i.max30102_init)
    max30102_reset                           0x0800666d   Thumb Code    20  max30102.o(i.max30102_reset)
    maxim_find_peaks                         0x08006681   Thumb Code    66  algorithm.o(i.maxim_find_peaks)
    maxim_heart_rate_and_oxygen_saturation   0x080066c5   Thumb Code  1272  algorithm.o(i.maxim_heart_rate_and_oxygen_saturation)
    maxim_peaks_above_min_height             0x08006bc5   Thumb Code   122  algorithm.o(i.maxim_peaks_above_min_height)
    maxim_remove_close_peaks                 0x08006c3f   Thumb Code   114  algorithm.o(i.maxim_remove_close_peaks)
    maxim_sort_ascend                        0x08006cb1   Thumb Code    54  algorithm.o(i.maxim_sort_ascend)
    maxim_sort_indices_descend               0x08006ce7   Thumb Code    64  algorithm.o(i.maxim_sort_indices_descend)
    pow                                      0x08007441   Thumb Code  2478  pow.o(i.pow)
    press_FR                                 0x08007df9   Thumb Code   536  as608.o(i.press_FR)
    sqrt                                     0x08008063   Thumb Code    76  sqrt.o(i.sqrt)
    _get_lc_ctype                            0x080080b1   Thumb Code    44  lc_ctype_c.o(locale$$code)
    _get_lc_numeric                          0x080080dd   Thumb Code    44  lc_numeric_c.o(locale$$code)
    __aeabi_d2f                              0x08008109   Thumb Code     0  d2f.o(x$fpl$d2f)
    _d2f                                     0x08008109   Thumb Code    98  d2f.o(x$fpl$d2f)
    __aeabi_dadd                             0x0800816d   Thumb Code     0  daddsub_clz.o(x$fpl$dadd)
    _dadd                                    0x0800816d   Thumb Code   332  daddsub_clz.o(x$fpl$dadd)
    __fpl_dcheck_NaN1                        0x080082bd   Thumb Code    10  dcheck1.o(x$fpl$dcheck1)
    __fpl_dcmp_Inf                           0x080082cd   Thumb Code    24  dcmpi.o(x$fpl$dcmpinf)
    __aeabi_ddiv                             0x080082e5   Thumb Code     0  ddiv.o(x$fpl$ddiv)
    _ddiv                                    0x080082e5   Thumb Code   552  ddiv.o(x$fpl$ddiv)
    __aeabi_d2iz                             0x08008595   Thumb Code     0  dfix.o(x$fpl$dfix)
    _dfix                                    0x08008595   Thumb Code    94  dfix.o(x$fpl$dfix)
    __aeabi_i2d                              0x080085f3   Thumb Code     0  dflt_clz.o(x$fpl$dflt)
    _dflt                                    0x080085f3   Thumb Code    46  dflt_clz.o(x$fpl$dflt)
    __aeabi_ui2d                             0x08008621   Thumb Code     0  dflt_clz.o(x$fpl$dfltu)
    _dfltu                                   0x08008621   Thumb Code    38  dflt_clz.o(x$fpl$dfltu)
    __aeabi_cdcmple                          0x08008649   Thumb Code     0  dleqf.o(x$fpl$dleqf)
    _dcmple                                  0x08008649   Thumb Code   120  dleqf.o(x$fpl$dleqf)
    __fpl_dcmple_InfNaN                      0x080086ab   Thumb Code     0  dleqf.o(x$fpl$dleqf)
    __aeabi_dmul                             0x080086c1   Thumb Code     0  dmul.o(x$fpl$dmul)
    _dmul                                    0x080086c1   Thumb Code   332  dmul.o(x$fpl$dmul)
    __fpl_dnaninf                            0x08008815   Thumb Code   156  dnaninf.o(x$fpl$dnaninf)
    __fpl_dretinf                            0x080088b1   Thumb Code    12  dretinf.o(x$fpl$dretinf)
    __aeabi_cdrcmple                         0x080088bd   Thumb Code     0  drleqf.o(x$fpl$drleqf)
    _drcmple                                 0x080088bd   Thumb Code   108  drleqf.o(x$fpl$drleqf)
    __aeabi_drsub                            0x08008929   Thumb Code     0  daddsub_clz.o(x$fpl$drsb)
    _drsb                                    0x08008929   Thumb Code    22  daddsub_clz.o(x$fpl$drsb)
    _dsqrt                                   0x08008941   Thumb Code   456  dsqrt_noumaal.o(x$fpl$dsqrt)
    __aeabi_dsub                             0x08008b0d   Thumb Code     0  daddsub_clz.o(x$fpl$dsub)
    _dsub                                    0x08008b0d   Thumb Code   464  daddsub_clz.o(x$fpl$dsub)
    __aeabi_f2d                              0x08008ce1   Thumb Code     0  f2d.o(x$fpl$f2d)
    _f2d                                     0x08008ce1   Thumb Code    86  f2d.o(x$fpl$f2d)
    __aeabi_f2iz                             0x08008d39   Thumb Code     0  ffix.o(x$fpl$ffix)
    _ffix                                    0x08008d39   Thumb Code    54  ffix.o(x$fpl$ffix)
    __aeabi_fmul                             0x08008d71   Thumb Code     0  fmul.o(x$fpl$fmul)
    _fmul                                    0x08008d71   Thumb Code   258  fmul.o(x$fpl$fmul)
    __fpl_fnaninf                            0x08008e73   Thumb Code   140  fnaninf.o(x$fpl$fnaninf)
    __fpl_fretinf                            0x08008eff   Thumb Code    10  fretinf.o(x$fpl$fretinf)
    _printf_fp_dec                           0x08008f09   Thumb Code     4  printf1.o(x$fpl$printf1)
    __fpl_return_NaN                         0x08008f0d   Thumb Code   100  retnan.o(x$fpl$retnan)
    __ARM_scalbn                             0x08008f71   Thumb Code    92  scalbn.o(x$fpl$scalbn)
    __fpl_cmpreturn                          0x08008fcd   Thumb Code    48  trapv.o(x$fpl$trapveneer)
    __I$use$fp                               0x08008ffc   Number         0  usenofp.o(x$fpl$usenofp)
    asc2_1206                                0x08008ffc   Data        1140  oled.o(.constdata)
    asc2_1608                                0x08009470   Data        1520  oled.o(.constdata)
    asc2_2412                                0x08009a60   Data        3420  oled.o(.constdata)
    auw_hamm                                 0x0800a7bc   Data          62  algorithm.o(.constdata)
    uch_spo2_table                           0x0800a7fa   Data         184  algorithm.o(.constdata)
    __mathlib_zero                           0x0800a988   Data           8  qnan.o(.constdata)
    Region$$Table$$Base                      0x0800aa40   Number         0  anon$$obj.o(Region$$Table)
    Region$$Table$$Limit                     0x0800aa60   Number         0  anon$$obj.o(Region$$Table)
    __ctype                                  0x0800aa6d   Data           0  lc_ctype_c.o(locale$$data)
    deviceid                                 0x20000000   Data           2  main.o(.data)
    user_flag                                0x20000004   Data           4  main.o(.data)
    Topics                                   0x20000008   Data           8  main.o(.data)
    n_ir_buffer_length                       0x20000010   Data           4  main.o(.data)
    n_sp02                                   0x20000014   Data           4  main.o(.data)
    ch_spo2_valid                            0x20000018   Data           1  main.o(.data)
    n_heart_rate                             0x2000001c   Data           4  main.o(.data)
    ch_hr_valid                              0x20000020   Data           1  main.o(.data)
    usr                                      0x20000024   Data           8  main.o(.data)
    SystemCoreClock                          0x2000002c   Data           4  system_stm32f10x.o(.data)
    AHBPrescTable                            0x20000030   Data          16  system_stm32f10x.o(.data)
    USART3_RX_STA                            0x20000044   Data           2  usart.o(.data)
    Hzk1                                     0x2000005b   Data        2240  oled.o(.data)
    Hzk2                                     0x2000091b   Data         216  oled.o(.data)
    Hzk3                                     0x200009f3   Data         512  oled.o(.data)
    Hzk4                                     0x20000bf3   Data        4096  oled.o(.data)
    AS608Addr                                0x20001bf4   Data           4  as608.o(.data)
    str2                                     0x20001bf8   Data           6  as608.o(.data)
    esp8266_cnt                              0x20001bfe   Data           2  esp8266.o(.data)
    esp8266_cntPre                           0x20001c00   Data           2  esp8266.o(.data)
    Topic                                    0x20001c04   Data           4  onenet.o(.data)
    aun_ir_buffer                            0x20001c18   Data        2000  main.o(.bss)
    aun_red_buffer                           0x200023e8   Data        2000  main.o(.bss)
    buf                                      0x20002bb8   Data         128  main.o(.bss)
    USART3_RX_BUF                            0x20002c38   Data         400  usart.o(.bss)
    USART3_TX_BUF                            0x20002dc8   Data         400  usart.o(.bss)
    OLED_GRAM                                0x20002f58   Data        1152  oled.o(.bss)
    esp8266_buf                              0x20004b38   Data         128  esp8266.o(.bss)
    __libspace_start                         0x20004bb8   Data          96  libspace.o(.bss)
    __temporary_stack_top$libspace           0x20004c18   Data           0  libspace.o(.bss)



==============================================================================

Memory Map of the image

  Image Entry point : 0x08000131

  Load Region LR_IROM1 (Base: 0x08000000, Size: 0x0000c7a4, Max: 0x00080000, ABSOLUTE, COMPRESSED[0x0000b1c8])

    Execution Region ER_IROM1 (Base: 0x08000000, Size: 0x0000ab8c, Max: 0x00080000, ABSOLUTE)

    Base Addr    Size         Type   Attr      Idx    E Section Name        Object

    0x08000000   0x00000130   Data   RO         2204    RESET               startup_stm32f10x_hd.o
    0x08000130   0x00000008   Code   RO         2998  * !!!main             c_w.l(__main.o)
    0x08000138   0x00000034   Code   RO         3480    !!!scatter          c_w.l(__scatter.o)
    0x0800016c   0x0000005a   Code   RO         3478    !!dczerorl2         c_w.l(__dczerorl2.o)
    0x080001c6   0x00000002   PAD
    0x080001c8   0x0000001c   Code   RO         3482    !!handler_zi        c_w.l(__scatter_zi.o)
    0x080001e4   0x00000000   Code   RO         2973    .ARM.Collect$$_printf_percent$$00000000  c_w.l(_printf_percent.o)
    0x080001e4   0x00000006   Code   RO         3117    .ARM.Collect$$_printf_percent$$00000001  c_w.l(_printf_n.o)
    0x080001ea   0x00000006   Code   RO         3118    .ARM.Collect$$_printf_percent$$00000002  c_w.l(_printf_p.o)
    0x080001f0   0x00000006   Code   RO         2971    .ARM.Collect$$_printf_percent$$00000003  c_w.l(_printf_f.o)
    0x080001f6   0x00000006   Code   RO         2972    .ARM.Collect$$_printf_percent$$00000004  c_w.l(_printf_e.o)
    0x080001fc   0x00000006   Code   RO         3122    .ARM.Collect$$_printf_percent$$00000005  c_w.l(_printf_g.o)
    0x08000202   0x00000006   Code   RO         3123    .ARM.Collect$$_printf_percent$$00000006  c_w.l(_printf_a.o)
    0x08000208   0x0000000a   Code   RO         3128    .ARM.Collect$$_printf_percent$$00000007  c_w.l(_printf_ll.o)
    0x08000212   0x00000006   Code   RO         3120    .ARM.Collect$$_printf_percent$$00000008  c_w.l(_printf_i.o)
    0x08000218   0x00000006   Code   RO         2970    .ARM.Collect$$_printf_percent$$00000009  c_w.l(_printf_d.o)
    0x0800021e   0x00000006   Code   RO         3121    .ARM.Collect$$_printf_percent$$0000000A  c_w.l(_printf_u.o)
    0x08000224   0x00000006   Code   RO         3119    .ARM.Collect$$_printf_percent$$0000000B  c_w.l(_printf_o.o)
    0x0800022a   0x00000006   Code   RO         2969    .ARM.Collect$$_printf_percent$$0000000C  c_w.l(_printf_x.o)
    0x08000230   0x00000006   Code   RO         3125    .ARM.Collect$$_printf_percent$$0000000D  c_w.l(_printf_lli.o)
    0x08000236   0x00000006   Code   RO         3126    .ARM.Collect$$_printf_percent$$0000000E  c_w.l(_printf_lld.o)
    0x0800023c   0x00000006   Code   RO         3127    .ARM.Collect$$_printf_percent$$0000000F  c_w.l(_printf_llu.o)
    0x08000242   0x00000006   Code   RO         3132    .ARM.Collect$$_printf_percent$$00000010  c_w.l(_printf_llo.o)
    0x08000248   0x00000006   Code   RO         3133    .ARM.Collect$$_printf_percent$$00000011  c_w.l(_printf_llx.o)
    0x0800024e   0x0000000a   Code   RO         3129    .ARM.Collect$$_printf_percent$$00000012  c_w.l(_printf_l.o)
    0x08000258   0x00000006   Code   RO         3116    .ARM.Collect$$_printf_percent$$00000013  c_w.l(_printf_c.o)
    0x0800025e   0x00000006   Code   RO         2968    .ARM.Collect$$_printf_percent$$00000014  c_w.l(_printf_s.o)
    0x08000264   0x00000006   Code   RO         3130    .ARM.Collect$$_printf_percent$$00000015  c_w.l(_printf_lc.o)
    0x0800026a   0x00000006   Code   RO         3131    .ARM.Collect$$_printf_percent$$00000016  c_w.l(_printf_ls.o)
    0x08000270   0x00000004   Code   RO         3124    .ARM.Collect$$_printf_percent$$00000017  c_w.l(_printf_percent_end.o)
    0x08000274   0x00000002   Code   RO         3390    .ARM.Collect$$libinit$$00000000  c_w.l(libinit.o)
    0x08000276   0x00000000   Code   RO         3145    .ARM.Collect$$libinit$$00000002  c_w.l(libinit2.o)
    0x08000276   0x00000000   Code   RO         3147    .ARM.Collect$$libinit$$00000004  c_w.l(libinit2.o)
    0x08000276   0x00000008   Code   RO         3148    .ARM.Collect$$libinit$$00000005  c_w.l(libinit2.o)
    0x0800027e   0x00000000   Code   RO         3150    .ARM.Collect$$libinit$$0000000A  c_w.l(libinit2.o)
    0x0800027e   0x00000000   Code   RO         3152    .ARM.Collect$$libinit$$0000000C  c_w.l(libinit2.o)
    0x0800027e   0x00000000   Code   RO         3154    .ARM.Collect$$libinit$$0000000E  c_w.l(libinit2.o)
    0x0800027e   0x00000006   Code   RO         3155    .ARM.Collect$$libinit$$0000000F  c_w.l(libinit2.o)
    0x08000284   0x00000000   Code   RO         3157    .ARM.Collect$$libinit$$00000011  c_w.l(libinit2.o)
    0x08000284   0x0000000c   Code   RO         3158    .ARM.Collect$$libinit$$00000012  c_w.l(libinit2.o)
    0x08000290   0x00000000   Code   RO         3159    .ARM.Collect$$libinit$$00000013  c_w.l(libinit2.o)
    0x08000290   0x00000000   Code   RO         3161    .ARM.Collect$$libinit$$00000015  c_w.l(libinit2.o)
    0x08000290   0x0000000a   Code   RO         3162    .ARM.Collect$$libinit$$00000016  c_w.l(libinit2.o)
    0x0800029a   0x00000000   Code   RO         3163    .ARM.Collect$$libinit$$00000017  c_w.l(libinit2.o)
    0x0800029a   0x00000000   Code   RO         3165    .ARM.Collect$$libinit$$00000019  c_w.l(libinit2.o)
    0x0800029a   0x00000000   Code   RO         3167    .ARM.Collect$$libinit$$0000001B  c_w.l(libinit2.o)
    0x0800029a   0x00000000   Code   RO         3169    .ARM.Collect$$libinit$$0000001D  c_w.l(libinit2.o)
    0x0800029a   0x00000000   Code   RO         3171    .ARM.Collect$$libinit$$0000001F  c_w.l(libinit2.o)
    0x0800029a   0x00000000   Code   RO         3173    .ARM.Collect$$libinit$$00000021  c_w.l(libinit2.o)
    0x0800029a   0x00000000   Code   RO         3175    .ARM.Collect$$libinit$$00000023  c_w.l(libinit2.o)
    0x0800029a   0x00000000   Code   RO         3177    .ARM.Collect$$libinit$$00000025  c_w.l(libinit2.o)
    0x0800029a   0x00000000   Code   RO         3181    .ARM.Collect$$libinit$$0000002C  c_w.l(libinit2.o)
    0x0800029a   0x00000000   Code   RO         3183    .ARM.Collect$$libinit$$0000002E  c_w.l(libinit2.o)
    0x0800029a   0x00000000   Code   RO         3185    .ARM.Collect$$libinit$$00000030  c_w.l(libinit2.o)
    0x0800029a   0x00000000   Code   RO         3187    .ARM.Collect$$libinit$$00000032  c_w.l(libinit2.o)
    0x0800029a   0x00000002   Code   RO         3188    .ARM.Collect$$libinit$$00000033  c_w.l(libinit2.o)
    0x0800029c   0x00000002   Code   RO         3475    .ARM.Collect$$libshutdown$$00000000  c_w.l(libshutdown.o)
    0x0800029e   0x00000000   Code   RO         3393    .ARM.Collect$$libshutdown$$00000003  c_w.l(libshutdown2.o)
    0x0800029e   0x00000000   Code   RO         3396    .ARM.Collect$$libshutdown$$00000006  c_w.l(libshutdown2.o)
    0x0800029e   0x00000000   Code   RO         3399    .ARM.Collect$$libshutdown$$00000009  c_w.l(libshutdown2.o)
    0x0800029e   0x00000000   Code   RO         3401    .ARM.Collect$$libshutdown$$0000000B  c_w.l(libshutdown2.o)
    0x0800029e   0x00000000   Code   RO         3404    .ARM.Collect$$libshutdown$$0000000E  c_w.l(libshutdown2.o)
    0x0800029e   0x00000002   Code   RO         3405    .ARM.Collect$$libshutdown$$0000000F  c_w.l(libshutdown2.o)
    0x080002a0   0x00000000   Code   RO         3052    .ARM.Collect$$rtentry$$00000000  c_w.l(__rtentry.o)
    0x080002a0   0x00000000   Code   RO         3239    .ARM.Collect$$rtentry$$00000002  c_w.l(__rtentry2.o)
    0x080002a0   0x00000006   Code   RO         3251    .ARM.Collect$$rtentry$$00000004  c_w.l(__rtentry4.o)
    0x080002a6   0x00000000   Code   RO         3241    .ARM.Collect$$rtentry$$00000009  c_w.l(__rtentry2.o)
    0x080002a6   0x00000004   Code   RO         3242    .ARM.Collect$$rtentry$$0000000A  c_w.l(__rtentry2.o)
    0x080002aa   0x00000000   Code   RO         3244    .ARM.Collect$$rtentry$$0000000C  c_w.l(__rtentry2.o)
    0x080002aa   0x00000008   Code   RO         3245    .ARM.Collect$$rtentry$$0000000D  c_w.l(__rtentry2.o)
    0x080002b2   0x00000002   Code   RO         3412    .ARM.Collect$$rtexit$$00000000  c_w.l(rtexit.o)
    0x080002b4   0x00000000   Code   RO         3441    .ARM.Collect$$rtexit$$00000002  c_w.l(rtexit2.o)
    0x080002b4   0x00000004   Code   RO         3442    .ARM.Collect$$rtexit$$00000003  c_w.l(rtexit2.o)
    0x080002b8   0x00000006   Code   RO         3443    .ARM.Collect$$rtexit$$00000004  c_w.l(rtexit2.o)
    0x080002be   0x00000002   PAD
    0x080002c0   0x00000000   Code   RO         3260    .emb_text           c_w.l(maybetermalloc1.o)
    0x080002c0   0x00000040   Code   RO         2205    .text               startup_stm32f10x_hd.o
    0x08000300   0x0000005e   Code   RO         2849    .text               c_w.l(h1_alloc.o)
    0x0800035e   0x0000004e   Code   RO         2851    .text               c_w.l(h1_free.o)
    0x080003ac   0x0000001a   Code   RO         2907    .text               c_w.l(tolower.o)
    0x080003c6   0x00000002   PAD
    0x080003c8   0x00000034   Code   RO         2909    .text               c_w.l(c89vsnprintf.o)
    0x080003fc   0x0000002c   Code   RO         2913    .text               c_w.l(__2sprintf.o)
    0x08000428   0x0000004e   Code   RO         2921    .text               c_w.l(_printf_pad.o)
    0x08000476   0x00000052   Code   RO         2923    .text               c_w.l(_printf_str.o)
    0x080004c8   0x00000078   Code   RO         2925    .text               c_w.l(_printf_dec.o)
    0x08000540   0x00000094   Code   RO         2945    .text               c_w.l(_printf_hex_int_ll_ptr.o)
    0x080005d4   0x00000188   Code   RO         2965    .text               c_w.l(__printf_flags_ss_wp.o)
    0x0800075c   0x0000001a   Code   RO         2974    .text               c_w.l(atoi.o)
    0x08000776   0x00000014   Code   RO         2976    .text               c_w.l(strchr.o)
    0x0800078a   0x00000024   Code   RO         2978    .text               c_w.l(strncat.o)
    0x080007ae   0x00000024   Code   RO         2980    .text               c_w.l(strstr.o)
    0x080007d2   0x0000003e   Code   RO         2984    .text               c_w.l(strlen.o)
    0x08000810   0x00000096   Code   RO         2986    .text               c_w.l(strncmp.o)
    0x080008a6   0x0000008a   Code   RO         2988    .text               c_w.l(rt_memcpy_v6.o)
    0x08000930   0x00000064   Code   RO         2990    .text               c_w.l(rt_memcpy_w.o)
    0x08000994   0x00000044   Code   RO         2992    .text               c_w.l(rt_memclr.o)
    0x080009d8   0x0000004e   Code   RO         2994    .text               c_w.l(rt_memclr_w.o)
    0x08000a26   0x00000006   Code   RO         2996    .text               c_w.l(heapauxi.o)
    0x08000a2c   0x00000010   Code   RO         3053    .text               c_w.l(rt_ctype_table.o)
    0x08000a3c   0x00000008   Code   RO         3058    .text               c_w.l(rt_heap_descriptor_intlibspace.o)
    0x08000a44   0x00000008   Code   RO         3063    .text               c_w.l(rt_errno_addr_intlibspace.o)
    0x08000a4c   0x00000004   Code   RO         3065    .text               c_w.l(hguard.o)
    0x08000a50   0x0000008a   Code   RO         3067    .text               c_w.l(init_alloc.o)
    0x08000ada   0x0000000e   Code   RO         3071    .text               c_w.l(h1_init.o)
    0x08000ae8   0x00000016   Code   RO         3085    .text               c_w.l(_rserrno.o)
    0x08000afe   0x00000024   Code   RO         3087    .text               c_w.l(_printf_truncate.o)
    0x08000b22   0x000000b2   Code   RO         3089    .text               c_w.l(_printf_intcommon.o)
    0x08000bd4   0x00000028   Code   RO         3091    .text               c_w.l(_printf_charcount.o)
    0x08000bfc   0x0000041a   Code   RO         3093    .text               c_w.l(_printf_fp_dec.o)
    0x08001016   0x00000002   PAD
    0x08001018   0x00000030   Code   RO         3095    .text               c_w.l(_printf_char_common.o)
    0x08001048   0x0000000a   Code   RO         3097    .text               c_w.l(_sputc.o)
    0x08001052   0x00000010   Code   RO         3099    .text               c_w.l(_snputc.o)
    0x08001062   0x0000002c   Code   RO         3101    .text               c_w.l(_printf_char.o)
    0x0800108e   0x00000002   PAD
    0x08001090   0x000000bc   Code   RO         3105    .text               c_w.l(_printf_wctomb.o)
    0x0800114c   0x0000007c   Code   RO         3108    .text               c_w.l(_printf_longlong_dec.o)
    0x080011c8   0x00000070   Code   RO         3114    .text               c_w.l(_printf_oct_int_ll.o)
    0x08001238   0x00000070   Code   RO         3134    .text               c_w.l(strtol.o)
    0x080012a8   0x00000008   Code   RO         3235    .text               c_w.l(libspace.o)
    0x080012b0   0x00000008   Code   RO         3256    .text               c_w.l(rt_locale_intlibspace.o)
    0x080012b8   0x00000034   Code   RO         3262    .text               c_w.l(h1_extend.o)
    0x080012ec   0x0000008a   Code   RO         3266    .text               c_w.l(lludiv10.o)
    0x08001376   0x00000002   PAD
    0x08001378   0x00000080   Code   RO         3268    .text               c_w.l(_printf_fp_infnan.o)
    0x080013f8   0x0000002c   Code   RO         3272    .text               c_w.l(_printf_wchar.o)
    0x08001424   0x0000009e   Code   RO         3274    .text               c_w.l(_strtoul.o)
    0x080014c2   0x00000002   PAD
    0x080014c4   0x000000dc   Code   RO         3276    .text               c_w.l(bigflt0.o)
    0x080015a0   0x00000040   Code   RO         3315    .text               c_w.l(_wcrtomb.o)
    0x080015e0   0x0000000e   Code   RO         3323    .text               c_w.l(defsig_rtmem_outer.o)
    0x080015ee   0x00000002   Code   RO         3345    .text               c_w.l(use_no_semi.o)
    0x080015f0   0x00000000   Code   RO         3347    .text               c_w.l(indicate_semi.o)
    0x080015f0   0x0000004a   Code   RO         3348    .text               c_w.l(sys_stackheap_outer.o)
    0x0800163a   0x0000001c   Code   RO         3354    .text               c_w.l(_chval.o)
    0x08001656   0x0000000c   Code   RO         3369    .text               c_w.l(exit.o)
    0x08001662   0x0000000a   Code   RO         3371    .text               c_w.l(defsig_exit.o)
    0x0800166c   0x00000050   Code   RO         3377    .text               c_w.l(defsig_rtmem_inner.o)
    0x080016bc   0x00000080   Code   RO         3379    .text               c_w.l(strcmpv7m.o)
    0x0800173c   0x0000000c   Code   RO         3410    .text               c_w.l(sys_exit.o)
    0x08001748   0x00000032   Code   RO         3430    .text               c_w.l(defsig_general.o)
    0x0800177a   0x0000000e   Code   RO         3438    .text               c_w.l(sys_wrch.o)
    0x08001788   0x0000003e   Code   RO         3279    CL$$btod_d2e        c_w.l(btod.o)
    0x080017c6   0x00000046   Code   RO         3281    CL$$btod_d2e_denorm_low  c_w.l(btod.o)
    0x0800180c   0x00000060   Code   RO         3280    CL$$btod_d2e_norm_op1  c_w.l(btod.o)
    0x0800186c   0x00000338   Code   RO         3289    CL$$btod_div_common  c_w.l(btod.o)
    0x08001ba4   0x000000c6   Code   RO         3286    CL$$btod_e2e        c_w.l(btod.o)
    0x08001c6a   0x00000028   Code   RO         3283    CL$$btod_ediv       c_w.l(btod.o)
    0x08001c92   0x00000028   Code   RO         3282    CL$$btod_emul       c_w.l(btod.o)
    0x08001cba   0x00000244   Code   RO         3288    CL$$btod_mult_common  c_w.l(btod.o)
    0x08001efe   0x00000002   PAD
    0x08001f00   0x00000460   Code   RO         1928    i.Add_FR            as608.o
    0x08002360   0x00000004   Code   RO          175    i.BusFault_Handler  stm32f10x_it.o
    0x08002364   0x00000002   Code   RO          176    i.DebugMon_Handler  stm32f10x_it.o
    0x08002366   0x00000002   PAD
    0x08002368   0x0000001c   Code   RO         2209    i.ESP8266_Clear     esp8266.o
    0x08002384   0x00000050   Code   RO         2210    i.ESP8266_GetIPD    esp8266.o
    0x080023d4   0x000001ec   Code   RO         2211    i.ESP8266_Init      esp8266.o
    0x080025c0   0x00000054   Code   RO         2212    i.ESP8266_SendCmd   esp8266.o
    0x08002614   0x00000048   Code   RO         2213    i.ESP8266_SendData  esp8266.o
    0x0800265c   0x00000034   Code   RO         2214    i.ESP8266_WaitRecive  esp8266.o
    0x08002690   0x00000258   Code   RO         1930    i.EnsureMessage     as608.o
    0x080028e8   0x00000116   Code   RO          524    i.GPIO_Init         stm32f10x_gpio.o
    0x080029fe   0x00000012   Code   RO          528    i.GPIO_ReadInputDataBit  stm32f10x_gpio.o
    0x08002a10   0x00000004   Code   RO          531    i.GPIO_ResetBits    stm32f10x_gpio.o
    0x08002a14   0x00000004   Code   RO          532    i.GPIO_SetBits      stm32f10x_gpio.o
    0x08002a18   0x00000004   Code   RO          177    i.HardFault_Handler  stm32f10x_it.o
    0x08002a1c   0x00000038   Code   RO            1    i.Hardware_Init     main.o
    0x08002a54   0x00000050   Code   RO         1850    i.IIC_Ack           myiic.o
    0x08002aa4   0x00000034   Code   RO         1851    i.IIC_Init          myiic.o
    0x08002ad8   0x00000050   Code   RO         1852    i.IIC_NAck          myiic.o
    0x08002b28   0x00000070   Code   RO         1854    i.IIC_Read_Byte     myiic.o
    0x08002b98   0x00000068   Code   RO         1856    i.IIC_Send_Byte     myiic.o
    0x08002c00   0x0000004c   Code   RO         1857    i.IIC_Start         myiic.o
    0x08002c4c   0x0000004c   Code   RO         1858    i.IIC_Stop          myiic.o
    0x08002c98   0x00000064   Code   RO         1859    i.IIC_Wait_Ack      myiic.o
    0x08002cfc   0x00000088   Code   RO         1931    i.JudgeStr          as608.o
    0x08002d84   0x00000024   Code   RO         1560    i.KEY_Init          key.o
    0x08002da8   0x0000009c   Code   RO         1561    i.KEY_Scan          key.o
    0x08002e44   0x0000001c   Code   RO         2261    i.MQTT_DeleteBuffer  mqttkit.o
    0x08002e60   0x0000002e   Code   RO         2262    i.MQTT_DumpLength   mqttkit.o
    0x08002e8e   0x00000058   Code   RO         2263    i.MQTT_NewBuffer    mqttkit.o
    0x08002ee6   0x00000002   PAD
    0x08002ee8   0x0000008c   Code   RO         2264    i.MQTT_PacketCmdResp  mqttkit.o
    0x08002f74   0x000002a0   Code   RO         2265    i.MQTT_PacketConnect  mqttkit.o
    0x08003214   0x000001b8   Code   RO         2268    i.MQTT_PacketPublish  mqttkit.o
    0x080033cc   0x00000048   Code   RO         2269    i.MQTT_PacketPublishAck  mqttkit.o
    0x08003414   0x00000048   Code   RO         2270    i.MQTT_PacketPublishComp  mqttkit.o
    0x0800345c   0x00000048   Code   RO         2271    i.MQTT_PacketPublishRec  mqttkit.o
    0x080034a4   0x00000048   Code   RO         2272    i.MQTT_PacketPublishRel  mqttkit.o
    0x080034ec   0x000000fe   Code   RO         2275    i.MQTT_PacketSubscribe  mqttkit.o
    0x080035ea   0x00000046   Code   RO         2277    i.MQTT_ReadLength   mqttkit.o
    0x08003630   0x0000008c   Code   RO         2278    i.MQTT_UnPacketCmd  mqttkit.o
    0x080036bc   0x0000001e   Code   RO         2279    i.MQTT_UnPacketConnectAck  mqttkit.o
    0x080036da   0x00000002   PAD
    0x080036dc   0x000001c0   Code   RO         2280    i.MQTT_UnPacketPublish  mqttkit.o
    0x0800389c   0x0000001e   Code   RO         2281    i.MQTT_UnPacketPublishAck  mqttkit.o
    0x080038ba   0x0000001e   Code   RO         2282    i.MQTT_UnPacketPublishComp  mqttkit.o
    0x080038d8   0x0000001e   Code   RO         2283    i.MQTT_UnPacketPublishRec  mqttkit.o
    0x080038f6   0x00000024   Code   RO         2284    i.MQTT_UnPacketPublishRel  mqttkit.o
    0x0800391a   0x00000002   PAD
    0x0800391c   0x00000074   Code   RO         2285    i.MQTT_UnPacketRecv  mqttkit.o
    0x08003990   0x00000034   Code   RO         2286    i.MQTT_UnPacketSubscribe  mqttkit.o
    0x080039c4   0x00000012   Code   RO         2287    i.MQTT_UnPacketUnSubscribe  mqttkit.o
    0x080039d6   0x00000002   PAD
    0x080039d8   0x0000001c   Code   RO         1932    i.MYUSART_SendData  as608.o
    0x080039f4   0x00000004   Code   RO          178    i.MemManage_Handler  stm32f10x_it.o
    0x080039f8   0x00000002   Code   RO          179    i.NMI_Handler       stm32f10x_it.o
    0x080039fa   0x0000000c   Code   RO          326    i.NVIC_Configuration  sys.o
    0x08003a06   0x00000002   PAD
    0x08003a08   0x00000070   Code   RO          482    i.NVIC_Init         misc.o
    0x08003a78   0x00000014   Code   RO          483    i.NVIC_PriorityGroupConfig  misc.o
    0x08003a8c   0x00000030   Code   RO         1591    i.OLED_Clear        oled.o
    0x08003abc   0x00000060   Code   RO         1592    i.OLED_ClearPoint   oled.o
    0x08003b1c   0x0000003c   Code   RO         1599    i.OLED_DrawPoint    oled.o
    0x08003b58   0x00000188   Code   RO         1600    i.OLED_Init         oled.o
    0x08003ce0   0x00000016   Code   RO         1601    i.OLED_Pow          oled.o
    0x08003cf6   0x00000002   PAD
    0x08003cf8   0x0000004c   Code   RO         1602    i.OLED_Refresh      oled.o
    0x08003d44   0x000000fc   Code   RO         1605    i.OLED_ShowChar     oled.o
    0x08003e40   0x00000108   Code   RO         1606    i.OLED_ShowChinese  oled.o
    0x08003f48   0x00000074   Code   RO         1608    i.OLED_ShowNum      oled.o
    0x08003fbc   0x00000114   Code   RO         1611    i.OLED_Show_Await_Face  oled.o
    0x080040d0   0x00000080   Code   RO         1613    i.OLED_WR_Byte      oled.o
    0x08004150   0x00000220   Code   RO         2445    i.OneNet_DevLink    onenet.o
    0x08004370   0x0000007c   Code   RO         2446    i.OneNet_Publish    onenet.o
    0x080043ec   0x00000588   Code   RO         2447    i.OneNet_RevPro     onenet.o
    0x08004974   0x0000006c   Code   RO         2448    i.OneNet_Subscribe  onenet.o
    0x080049e0   0x000000ba   Code   RO         2119    i.PEC_Calculation   iic2.o
    0x08004a9a   0x00000046   Code   RO         1935    i.PS_GenChar        as608.o
    0x08004ae0   0x0000003a   Code   RO         1936    i.PS_GetImage       as608.o
    0x08004b1a   0x00000090   Code   RO         1938    i.PS_HighSpeedSearch  as608.o
    0x08004baa   0x0000003a   Code   RO         1939    i.PS_Match          as608.o
    0x08004be4   0x0000003a   Code   RO         1942    i.PS_RegModel       as608.o
    0x08004c1e   0x00000060   Code   RO         1945    i.PS_StoreChar      as608.o
    0x08004c7e   0x00000002   Code   RO          180    i.PendSV_Handler    stm32f10x_it.o
    0x08004c80   0x00000020   Code   RO          634    i.RCC_APB1PeriphClockCmd  stm32f10x_rcc.o
    0x08004ca0   0x00000020   Code   RO          636    i.RCC_APB2PeriphClockCmd  stm32f10x_rcc.o
    0x08004cc0   0x000000d4   Code   RO          644    i.RCC_GetClocksFreq  stm32f10x_rcc.o
    0x08004d94   0x0000001a   Code   RO         2120    i.SMBus_Delay       iic2.o
    0x08004dae   0x00000002   PAD
    0x08004db0   0x0000003c   Code   RO         2121    i.SMBus_Init        iic2.o
    0x08004dec   0x000000a6   Code   RO         2122    i.SMBus_ReadMemory  iic2.o
    0x08004e92   0x00000002   PAD
    0x08004e94   0x00000044   Code   RO         2123    i.SMBus_ReadTemp    iic2.o
    0x08004ed8   0x00000048   Code   RO         2124    i.SMBus_ReceiveBit  iic2.o
    0x08004f20   0x00000032   Code   RO         2125    i.SMBus_ReceiveByte  iic2.o
    0x08004f52   0x00000002   PAD
    0x08004f54   0x00000044   Code   RO         2126    i.SMBus_SendBit     iic2.o
    0x08004f98   0x00000030   Code   RO         2127    i.SMBus_SendByte    iic2.o
    0x08004fc8   0x00000044   Code   RO         2128    i.SMBus_StartBit    iic2.o
    0x0800500c   0x00000040   Code   RO         2129    i.SMBus_StopBit     iic2.o
    0x0800504c   0x00000002   Code   RO          181    i.SVC_Handler       stm32f10x_it.o
    0x0800504e   0x00000002   PAD
    0x08005050   0x00000034   Code   RO         1949    i.SendAddr          as608.o
    0x08005084   0x00000012   Code   RO         1950    i.SendCheck         as608.o
    0x08005096   0x0000000c   Code   RO         1951    i.SendFlag          as608.o
    0x080050a2   0x00000010   Code   RO         1952    i.SendHead          as608.o
    0x080050b2   0x00000014   Code   RO         1953    i.SendLength        as608.o
    0x080050c6   0x0000000c   Code   RO         1954    i.Sendcmd           as608.o
    0x080050d2   0x00000008   Code   RO          238    i.SetSysClock       system_stm32f10x.o
    0x080050da   0x00000002   PAD
    0x080050dc   0x000000e0   Code   RO          239    i.SetSysClockTo72   system_stm32f10x.o
    0x080051bc   0x0000001c   Code   RO         1955    i.ShowErrMessage    as608.o
    0x080051d8   0x00000028   Code   RO          486    i.SysTick_CLKSourceConfig  misc.o
    0x08005200   0x00000002   Code   RO          182    i.SysTick_Handler   stm32f10x_it.o
    0x08005202   0x00000002   PAD
    0x08005204   0x00000060   Code   RO          241    i.SystemInit        system_stm32f10x.o
    0x08005264   0x00000016   Code   RO          419    i.TIM2_IRQHandler   timer.o
    0x0800527a   0x00000002   PAD
    0x0800527c   0x0000001c   Code   RO          421    i.TIM3_IRQHandler   timer.o
    0x08005298   0x00000034   Code   RO          423    i.TIM7_IRQHandler   timer.o
    0x080052cc   0x00000060   Code   RO          424    i.TIM7_Int_Init     timer.o
    0x0800532c   0x00000006   Code   RO         1023    i.TIM_ClearITPendingBit  stm32f10x_tim.o
    0x08005332   0x00000018   Code   RO         1028    i.TIM_Cmd           stm32f10x_tim.o
    0x0800534a   0x00000022   Code   RO         1049    i.TIM_GetITStatus   stm32f10x_tim.o
    0x0800536c   0x00000012   Code   RO         1053    i.TIM_ITConfig      stm32f10x_tim.o
    0x0800537e   0x00000004   Code   RO         1093    i.TIM_SetCounter    stm32f10x_tim.o
    0x08005382   0x00000002   PAD
    0x08005384   0x000000a4   Code   RO         1099    i.TIM_TimeBaseInit  stm32f10x_tim.o
    0x08005428   0x00000070   Code   RO          354    i.UART4_IRQHandler  usart.o
    0x08005498   0x0000001c   Code   RO          355    i.USART1_IRQHandler  usart.o
    0x080054b4   0x0000004c   Code   RO         2215    i.USART2_IRQHandler  esp8266.o
    0x08005500   0x00000012   Code   RO          832    i.USART_ClearFlag   stm32f10x_usart.o
    0x08005512   0x00000018   Code   RO          836    i.USART_Cmd         stm32f10x_usart.o
    0x0800552a   0x0000001a   Code   RO          839    i.USART_GetFlagStatus  stm32f10x_usart.o
    0x08005544   0x00000054   Code   RO          840    i.USART_GetITStatus  stm32f10x_usart.o
    0x08005598   0x0000004a   Code   RO          842    i.USART_ITConfig    stm32f10x_usart.o
    0x080055e2   0x00000002   PAD
    0x080055e4   0x000000d8   Code   RO          843    i.USART_Init        stm32f10x_usart.o
    0x080056bc   0x0000000a   Code   RO          850    i.USART_ReceiveData  stm32f10x_usart.o
    0x080056c6   0x00000008   Code   RO          853    i.USART_SendData    stm32f10x_usart.o
    0x080056ce   0x00000004   Code   RO          183    i.UsageFault_Handler  stm32f10x_it.o
    0x080056d2   0x00000002   PAD
    0x080056d4   0x000000b0   Code   RO          356    i.Usart1_Init       usart.o
    0x08005784   0x000000ac   Code   RO          357    i.Usart2_Init       usart.o
    0x08005830   0x000000d0   Code   RO          358    i.Usart4_Init       usart.o
    0x08005900   0x00000048   Code   RO          359    i.UsartPrintf       usart.o
    0x08005948   0x00000032   Code   RO          360    i.Usart_SendString  usart.o
    0x0800597a   0x00000028   Code   RO         3220    i.__ARM_fpclassify  m_ws.l(fpclassify.o)
    0x080059a2   0x000000aa   Code   RO         3222    i.__kernel_poly     m_ws.l(poly.o)
    0x08005a4c   0x00000010   Code   RO         3206    i.__mathlib_dbl_divzero  m_ws.l(dunder.o)
    0x08005a5c   0x00000004   Code   RO         3208    i.__mathlib_dbl_infnan2  m_ws.l(dunder.o)
    0x08005a60   0x0000000c   Code   RO         3209    i.__mathlib_dbl_invalid  m_ws.l(dunder.o)
    0x08005a6c   0x0000000e   Code   RO         3210    i.__mathlib_dbl_overflow  m_ws.l(dunder.o)
    0x08005a7a   0x00000002   PAD
    0x08005a7c   0x00000010   Code   RO         3212    i.__mathlib_dbl_underflow  m_ws.l(dunder.o)
    0x08005a8c   0x0000000e   Code   RO         2958    i._is_digit         c_w.l(__printf_wp.o)
    0x08005a9a   0x00000002   PAD
    0x08005a9c   0x00000058   Code   RO         2507    i.cJSON_Delete      cjson.o
    0x08005af4   0x0000000c   Code   RO         2515    i.cJSON_GetErrorPtr  cjson.o
    0x08005b00   0x0000001e   Code   RO         2516    i.cJSON_GetObjectItem  cjson.o
    0x08005b1e   0x00000002   PAD
    0x08005b20   0x00000020   Code   RO         2520    i.cJSON_New_Item    cjson.o
    0x08005b40   0x00000010   Code   RO         2521    i.cJSON_Parse       cjson.o
    0x08005b50   0x00000064   Code   RO         2522    i.cJSON_ParseWithOpts  cjson.o
    0x08005bb4   0x0000004c   Code   RO         2528    i.cJSON_strcasecmp  cjson.o
    0x08005c00   0x00000044   Code   RO          272    i.delay_init        delay.o
    0x08005c44   0x0000004c   Code   RO          273    i.delay_ms          delay.o
    0x08005c90   0x0000004c   Code   RO          274    i.delay_us          delay.o
    0x08005cdc   0x000004a8   Code   RO            2    i.get_heartblood    main.o
    0x08006184   0x00000268   Code   RO            3    i.get_temperature   main.o
    0x080063ec   0x000000e0   Code   RO            4    i.main              main.o
    0x080064cc   0x00000052   Code   RO         1790    i.max30102_Bus_Read  max30102.o
    0x0800651e   0x00000044   Code   RO         1791    i.max30102_Bus_Write  max30102.o
    0x08006562   0x00000080   Code   RO         1792    i.max30102_FIFO_ReadBytes  max30102.o
    0x080065e2   0x00000002   PAD
    0x080065e4   0x00000088   Code   RO         1794    i.max30102_init     max30102.o
    0x0800666c   0x00000014   Code   RO         1795    i.max30102_reset    max30102.o
    0x08006680   0x00000042   Code   RO         1744    i.maxim_find_peaks  algorithm.o
    0x080066c2   0x00000002   PAD
    0x080066c4   0x00000500   Code   RO         1745    i.maxim_heart_rate_and_oxygen_saturation  algorithm.o
    0x08006bc4   0x0000007a   Code   RO         1746    i.maxim_peaks_above_min_height  algorithm.o
    0x08006c3e   0x00000072   Code   RO         1747    i.maxim_remove_close_peaks  algorithm.o
    0x08006cb0   0x00000036   Code   RO         1748    i.maxim_sort_ascend  algorithm.o
    0x08006ce6   0x00000040   Code   RO         1749    i.maxim_sort_indices_descend  algorithm.o
    0x08006d26   0x00000002   PAD
    0x08006d28   0x000000ac   Code   RO         2532    i.parse_array       cjson.o
    0x08006dd4   0x00000114   Code   RO         2533    i.parse_hex4        cjson.o
    0x08006ee8   0x000001bc   Code   RO         2534    i.parse_number      cjson.o
    0x080070a4   0x00000114   Code   RO         2535    i.parse_object      cjson.o
    0x080071b8   0x000001cc   Code   RO         2536    i.parse_string      cjson.o
    0x08007384   0x000000bc   Code   RO         2537    i.parse_value       cjson.o
    0x08007440   0x000009b8   Code   RO         3041    i.pow               m_ws.l(pow.o)
    0x08007df8   0x00000258   Code   RO         1956    i.press_FR          as608.o
    0x08008050   0x00000012   Code   RO         2545    i.skip              cjson.o
    0x08008062   0x0000004c   Code   RO         3226    i.sqrt              m_ws.l(sqrt.o)
    0x080080ae   0x00000002   PAD
    0x080080b0   0x0000002c   Code   RO         3318    locale$$code        c_w.l(lc_ctype_c.o)
    0x080080dc   0x0000002c   Code   RO         3321    locale$$code        c_w.l(lc_numeric_c.o)
    0x08008108   0x00000062   Code   RO         3000    x$fpl$d2f           fz_ws.l(d2f.o)
    0x0800816a   0x00000002   PAD
    0x0800816c   0x00000150   Code   RO         3002    x$fpl$dadd          fz_ws.l(daddsub_clz.o)
    0x080082bc   0x00000010   Code   RO         3332    x$fpl$dcheck1       fz_ws.l(dcheck1.o)
    0x080082cc   0x00000018   Code   RO         3189    x$fpl$dcmpinf       fz_ws.l(dcmpi.o)
    0x080082e4   0x000002b0   Code   RO         3192    x$fpl$ddiv          fz_ws.l(ddiv.o)
    0x08008594   0x0000005e   Code   RO         3010    x$fpl$dfix          fz_ws.l(dfix.o)
    0x080085f2   0x0000002e   Code   RO         3015    x$fpl$dflt          fz_ws.l(dflt_clz.o)
    0x08008620   0x00000026   Code   RO         3014    x$fpl$dfltu         fz_ws.l(dflt_clz.o)
    0x08008646   0x00000002   PAD
    0x08008648   0x00000078   Code   RO         3020    x$fpl$dleqf         fz_ws.l(dleqf.o)
    0x080086c0   0x00000154   Code   RO         3022    x$fpl$dmul          fz_ws.l(dmul.o)
    0x08008814   0x0000009c   Code   RO         3195    x$fpl$dnaninf       fz_ws.l(dnaninf.o)
    0x080088b0   0x0000000c   Code   RO         3197    x$fpl$dretinf       fz_ws.l(dretinf.o)
    0x080088bc   0x0000006c   Code   RO         3024    x$fpl$drleqf        fz_ws.l(drleqf.o)
    0x08008928   0x00000016   Code   RO         3003    x$fpl$drsb          fz_ws.l(daddsub_clz.o)
    0x0800893e   0x00000002   PAD
    0x08008940   0x000001cc   Code   RO         3334    x$fpl$dsqrt         fz_ws.l(dsqrt_noumaal.o)
    0x08008b0c   0x000001d4   Code   RO         3004    x$fpl$dsub          fz_ws.l(daddsub_clz.o)
    0x08008ce0   0x00000056   Code   RO         3026    x$fpl$f2d           fz_ws.l(f2d.o)
    0x08008d36   0x00000002   PAD
    0x08008d38   0x00000036   Code   RO         3028    x$fpl$ffix          fz_ws.l(ffix.o)
    0x08008d6e   0x00000002   PAD
    0x08008d70   0x00000102   Code   RO         3032    x$fpl$fmul          fz_ws.l(fmul.o)
    0x08008e72   0x0000008c   Code   RO         3199    x$fpl$fnaninf       fz_ws.l(fnaninf.o)
    0x08008efe   0x0000000a   Code   RO         3201    x$fpl$fretinf       fz_ws.l(fretinf.o)
    0x08008f08   0x00000004   Code   RO         3034    x$fpl$printf1       fz_ws.l(printf1.o)
    0x08008f0c   0x00000064   Code   RO         3408    x$fpl$retnan        fz_ws.l(retnan.o)
    0x08008f70   0x0000005c   Code   RO         3203    x$fpl$scalbn        fz_ws.l(scalbn.o)
    0x08008fcc   0x00000030   Code   RO         3436    x$fpl$trapveneer    fz_ws.l(trapv.o)
    0x08008ffc   0x00000000   Code   RO         3205    x$fpl$usenofp       fz_ws.l(usenofp.o)
    0x08008ffc   0x000017c0   Data   RO         1615    .constdata          oled.o
    0x0800a7bc   0x000000f6   Data   RO         1751    .constdata          algorithm.o
    0x0800a8b2   0x00000007   Data   RO         2548    .constdata          cjson.o
    0x0800a8b9   0x00000028   Data   RO         2946    .constdata          c_w.l(_printf_hex_int_ll_ptr.o)
    0x0800a8e1   0x00000011   Data   RO         2966    .constdata          c_w.l(__printf_flags_ss_wp.o)
    0x0800a8f2   0x00000006   PAD
    0x0800a8f8   0x00000088   Data   RO         3042    .constdata          m_ws.l(pow.o)
    0x0800a980   0x00000008   Data   RO         3106    .constdata          c_w.l(_printf_wctomb.o)
    0x0800a988   0x00000008   Data   RO         3224    .constdata          m_ws.l(qnan.o)
    0x0800a990   0x00000094   Data   RO         3277    .constdata          c_w.l(bigflt0.o)
    0x0800aa24   0x0000001a   Data   RO            6    .conststring        main.o
    0x0800aa3e   0x00000002   PAD
    0x0800aa40   0x00000020   Data   RO         3476    Region$$Table       anon$$obj.o
    0x0800aa60   0x00000110   Data   RO         3317    locale$$data        c_w.l(lc_ctype_c.o)
    0x0800ab70   0x0000001c   Data   RO         3320    locale$$data        c_w.l(lc_numeric_c.o)


    Execution Region RW_IRAM1 (Base: 0x20000000, Size: 0x00005218, Max: 0x00010000, ABSOLUTE, COMPRESSED[0x0000063c])

    Base Addr    Size         Type   Attr      Idx    E Section Name        Object

    0x20000000   0x0000002c   Data   RW            7    .data               main.o
    0x2000002c   0x00000014   Data   RW          242    .data               system_stm32f10x.o
    0x20000040   0x00000004   Data   RW          275    .data               delay.o
    0x20000044   0x00000002   Data   RW          362    .data               usart.o
    0x20000046   0x00000014   Data   RW          664    .data               stm32f10x_rcc.o
    0x2000005a   0x00000001   Data   RW         1562    .data               key.o
    0x2000005b   0x00001b98   Data   RW         1616    .data               oled.o
    0x20001bf3   0x00000001   PAD
    0x20001bf4   0x0000000a   Data   RW         1958    .data               as608.o
    0x20001bfe   0x00000004   Data   RW         2217    .data               esp8266.o
    0x20001c02   0x00000002   PAD
    0x20001c04   0x00000006   Data   RW         2450    .data               onenet.o
    0x20001c0a   0x00000002   PAD
    0x20001c0c   0x0000000c   Data   RW         2549    .data               cjson.o
    0x20001c18   0x00001020   Zero   RW            5    .bss                main.o
    0x20002c38   0x00000320   Zero   RW          361    .bss                usart.o
    0x20002f58   0x00000480   Zero   RW         1614    .bss                oled.o
    0x200033d8   0x00001760   Zero   RW         1750    .bss                algorithm.o
    0x20004b38   0x00000080   Zero   RW         2216    .bss                esp8266.o
    0x20004bb8   0x00000060   Zero   RW         3236    .bss                c_w.l(libspace.o)
    0x20004c18   0x00000200   Zero   RW         2203    HEAP                startup_stm32f10x_hd.o
    0x20004e18   0x00000400   Zero   RW         2202    STACK               startup_stm32f10x_hd.o


==============================================================================

Image component sizes


      Code (inc. data)   RO Data    RW Data    ZI Data      Debug   Object Name

      1700         30        246          0       5984       6961   algorithm.o
      3126        754          0         10          0      11636   as608.o
      2188         88          7         12          0      11553   cjson.o
         0          0          0          0          0         32   core_cm3.o
       220         26          0          4          0     206287   delay.o
       884        358          0          4        128       4779   esp8266.o
       876         38          0          0          0       6386   iic2.o
       192         14          0          1          0       1062   key.o
      2088        398         26         44       4128     255000   main.o
       434          6          0          0          0       3224   max30102.o
       172         22          0          0          0       1933   misc.o
      2956         34          0          0          0      18361   mqttkit.o
       680        102          0          0          0       3950   myiic.o
      1730         82       6080       7064       1152       8503   oled.o
      2192       1048          0          6          0       7172   onenet.o
        64         26        304          0       1536        772   startup_stm32f10x_hd.o
       304          0          0          0          0       3480   stm32f10x_gpio.o
        26          0          0          0          0       3426   stm32f10x_it.o
       276         32          0         20          0       4286   stm32f10x_rcc.o
       250         42          0          0          0       3855   stm32f10x_tim.o
       460          6          0          0          0       6387   stm32f10x_usart.o
        12          0          0          0          0        425   sys.o
       328         28          0         20          0       1937   system_stm32f10x.o
       198         22          0          0          0       1918   timer.o
       818         58          0          2        800       5998   usart.o

    ----------------------------------------------------------------------
     22216       3214       6697       7192      13728     579323   Object Totals
         0          0         32          0          0          0   (incl. Generated)
        42          0          2          5          0          0   (incl. Padding)

    ----------------------------------------------------------------------

      Code (inc. data)   RO Data    RW Data    ZI Data      Debug   Library Member Name

        44          6          0          0          0         84   __2sprintf.o
        90          0          0          0          0          0   __dczerorl2.o
         8          0          0          0          0         68   __main.o
       392          4         17          0          0         92   __printf_flags_ss_wp.o
        14          0          0          0          0         68   __printf_wp.o
         0          0          0          0          0          0   __rtentry.o
        12          0          0          0          0          0   __rtentry2.o
         6          0          0          0          0          0   __rtentry4.o
        52          8          0          0          0          0   __scatter.o
        28          0          0          0          0          0   __scatter_zi.o
        28          0          0          0          0         68   _chval.o
         6          0          0          0          0          0   _printf_a.o
         6          0          0          0          0          0   _printf_c.o
        44          0          0          0          0        108   _printf_char.o
        48          6          0          0          0         96   _printf_char_common.o
        40          0          0          0          0         68   _printf_charcount.o
         6          0          0          0          0          0   _printf_d.o
       120         16          0          0          0         92   _printf_dec.o
         6          0          0          0          0          0   _printf_e.o
         6          0          0          0          0          0   _printf_f.o
      1050          0          0          0          0        216   _printf_fp_dec.o
       128         16          0          0          0         84   _printf_fp_infnan.o
         6          0          0          0          0          0   _printf_g.o
       148          4         40          0          0        160   _printf_hex_int_ll_ptr.o
         6          0          0          0          0          0   _printf_i.o
       178          0          0          0          0         88   _printf_intcommon.o
        10          0          0          0          0          0   _printf_l.o
         6          0          0          0          0          0   _printf_lc.o
        10          0          0          0          0          0   _printf_ll.o
         6          0          0          0          0          0   _printf_lld.o
         6          0          0          0          0          0   _printf_lli.o
         6          0          0          0          0          0   _printf_llo.o
         6          0          0          0          0          0   _printf_llu.o
         6          0          0          0          0          0   _printf_llx.o
       124         16          0          0          0         92   _printf_longlong_dec.o
         6          0          0          0          0          0   _printf_ls.o
         6          0          0          0          0          0   _printf_n.o
         6          0          0          0          0          0   _printf_o.o
       112          8          0          0          0        124   _printf_oct_int_ll.o
         6          0          0          0          0          0   _printf_p.o
        78          0          0          0          0        108   _printf_pad.o
         0          0          0          0          0          0   _printf_percent.o
         4          0          0          0          0          0   _printf_percent_end.o
         6          0          0          0          0          0   _printf_s.o
        82          0          0          0          0         80   _printf_str.o
        36          0          0          0          0         84   _printf_truncate.o
         6          0          0          0          0          0   _printf_u.o
        44          0          0          0          0        108   _printf_wchar.o
       188          6          8          0          0         92   _printf_wctomb.o
         6          0          0          0          0          0   _printf_x.o
        22          0          0          0          0        100   _rserrno.o
        16          0          0          0          0         68   _snputc.o
        10          0          0          0          0         68   _sputc.o
       158          0          0          0          0         92   _strtoul.o
        64          0          0          0          0         92   _wcrtomb.o
        26          0          0          0          0         80   atoi.o
       220          4        148          0          0         96   bigflt0.o
      1910        128          0          0          0        672   btod.o
        52          4          0          0          0         80   c89vsnprintf.o
        10          0          0          0          0         68   defsig_exit.o
        50          0          0          0          0         88   defsig_general.o
        80         58          0          0          0         76   defsig_rtmem_inner.o
        14          0          0          0          0         80   defsig_rtmem_outer.o
        12          0          0          0          0         72   exit.o
        94          0          0          0          0         80   h1_alloc.o
        52          0          0          0          0         68   h1_extend.o
        78          0          0          0          0         80   h1_free.o
        14          0          0          0          0         84   h1_init.o
         6          0          0          0          0        152   heapauxi.o
         4          0          0          0          0        136   hguard.o
         0          0          0          0          0          0   indicate_semi.o
       138          0          0          0          0        168   init_alloc.o
        44         10        272          0          0         76   lc_ctype_c.o
        44         10         28          0          0         76   lc_numeric_c.o
         2          0          0          0          0          0   libinit.o
        38          0          0          0          0          0   libinit2.o
         2          0          0          0          0          0   libshutdown.o
         2          0          0          0          0          0   libshutdown2.o
         8          4          0          0         96         68   libspace.o
       138          0          0          0          0         80   lludiv10.o
         0          0          0          0          0          0   maybetermalloc1.o
        16          4          0          0          0         76   rt_ctype_table.o
         8          4          0          0          0         68   rt_errno_addr_intlibspace.o
         8          4          0          0          0         68   rt_heap_descriptor_intlibspace.o
         8          4          0          0          0         68   rt_locale_intlibspace.o
        68          0          0          0          0         68   rt_memclr.o
        78          0          0          0          0         80   rt_memclr_w.o
       138          0          0          0          0         68   rt_memcpy_v6.o
       100          0          0          0          0         80   rt_memcpy_w.o
         2          0          0          0          0          0   rtexit.o
        10          0          0          0          0          0   rtexit2.o
        20          0          0          0          0         68   strchr.o
       128          0          0          0          0         68   strcmpv7m.o
        62          0          0          0          0         76   strlen.o
        36          0          0          0          0         76   strncat.o
       150          0          0          0          0         80   strncmp.o
        36          0          0          0          0         80   strstr.o
       112          0          0          0          0         88   strtol.o
        12          4          0          0          0         68   sys_exit.o
        74          0          0          0          0         80   sys_stackheap_outer.o
        14          0          0          0          0         76   sys_wrch.o
        26          0          0          0          0         76   tolower.o
         2          0          0          0          0         68   use_no_semi.o
        98          4          0          0          0         92   d2f.o
       826         16          0          0          0        348   daddsub_clz.o
        16          4          0          0          0         68   dcheck1.o
        24          0          0          0          0         68   dcmpi.o
       688        140          0          0          0        208   ddiv.o
        94          4          0          0          0         92   dfix.o
        84          0          0          0          0        136   dflt_clz.o
       120          4          0          0          0         92   dleqf.o
       340         12          0          0          0        104   dmul.o
       156          4          0          0          0         92   dnaninf.o
        12          0          0          0          0         68   dretinf.o
       108          0          0          0          0         80   drleqf.o
       460         56          0          0          0        120   dsqrt_noumaal.o
        86          4          0          0          0         84   f2d.o
        54          4          0          0          0         84   ffix.o
       258          4          0          0          0         84   fmul.o
       140          4          0          0          0         84   fnaninf.o
        10          0          0          0          0         68   fretinf.o
         4          0          0          0          0         68   printf1.o
       100          0          0          0          0         68   retnan.o
        92          0          0          0          0         68   scalbn.o
        48          0          0          0          0         68   trapv.o
         0          0          0          0          0          0   usenofp.o
        62         10          0          0          0        340   dunder.o
        40          0          0          0          0         68   fpclassify.o
       170          0          0          0          0         96   poly.o
      2488        190        136          0          0        300   pow.o
         0          0          8          0          0          0   qnan.o
        76          0          0          0          0         84   sqrt.o

    ----------------------------------------------------------------------
     14340        788        663          0         96       9392   Library Totals
        32          0          6          0          0          0   (incl. Padding)

    ----------------------------------------------------------------------

      Code (inc. data)   RO Data    RW Data    ZI Data      Debug   Library Name

      7654        328        513          0         96       6260   c_w.l
      3818        260          0          0          0       2244   fz_ws.l
      2836        200        144          0          0        888   m_ws.l

    ----------------------------------------------------------------------
     14340        788        663          0         96       9392   Library Totals

    ----------------------------------------------------------------------

==============================================================================


      Code (inc. data)   RO Data    RW Data    ZI Data      Debug   

     36556       4002       7360       7192      13824     575087   Grand Totals
     36556       4002       7360       1596      13824     575087   ELF Image Totals (compressed)
     36556       4002       7360       1596          0          0   ROM Totals

==============================================================================

    Total RO  Size (Code + RO Data)                43916 (  42.89kB)
    Total RW  Size (RW Data + ZI Data)             21016 (  20.52kB)
    Total ROM Size (Code + RO Data + RW Data)      45512 (  44.45kB)

==============================================================================

