<html>
<body>
<pre>
<h1>礦ision Build Log</h1>
<h2>Tool Versions:</h2>
IDE-Version: μVision V5.15
Copyright (C) 2015 ARM Ltd and ARM Germany GmbH. All rights reserved.
License Information: asus,  , LIC=AK1BF-60CE8-KUP4L-0GJIZ-TR57V-ATX11
 
Tool Versions:
Toolchain:       MDK-ARM Professional  Version: 5.15.0
Toolchain Path:  E:\keil5\ARM\ARMCC\Bin
C Compiler:      Armcc.exe V5.05 update 2 (build 169)
Assembler:       Armasm.exe V5.05 update 2 (build 169)
Linker/Locator:  ArmLink.exe V5.05 update 2 (build 169)
Library Manager: ArmAr.exe V5.05 update 2 (build 169)
Hex Converter:   FromElf.exe V5.05 update 2 (build 169)
CPU DLL:         SARMCM3.DLL V5.15.0
Dialog DLL:      DCM.DLL V1.13.2.0
Target DLL:      UL2CM3.DLL V1.155.8.0
Dialog DLL:      TCM.DLL V1.14.5.0
 
<h2>Project:</h2>
E:\毕业设计\stm32_project\USER\xuming.uvprojx
Project File Date:  05/08/2023

<h2>Output:</h2>
*** Using Compiler 'V5.05 update 2 (build 169)', folder: 'E:\keil5\ARM\ARMCC\Bin'
Build target 'xuming'
compiling main.c...
linking...
Program Size: Code=36556 RO-data=7360 RW-data=7192 ZI-data=13824  
FromELF: creating hex file...
"..\OBJ\xuming.axf" - 0 Error(s), 0 Warning(s).

<h2>Collection of Component include folders:</h2>
  E:\毕业设计\stm32_project\USER\RTE
  E:\keil5\ARM\PACK\Keil\STM32F1xx_DFP\1.1.0\Device\Include

<h2>Collection of Component Files used:</h2>
</pre>
</body>
</html>
